Archive member included to satisfy reference by file (symbol)

/Applications/MCUXpressoIDE_11.0.1_2563/ide/plugins/com.nxp.mcuxpresso.tools.macosx_11.0.1.201907311258/tools/bin/../lib/gcc/arm-none-eabi/8.2.1/../../../../arm-none-eabi/lib/thumb/v6-m/nofp/libcr_c.a(memcpy.o)
                              ./debug_frdm/drivers/fsl_flash.o (memcpy)
/Applications/MCUXpressoIDE_11.0.1_2563/ide/plugins/com.nxp.mcuxpresso.tools.macosx_11.0.1.201907311258/tools/bin/../lib/gcc/arm-none-eabi/8.2.1/../../../../arm-none-eabi/lib/thumb/v6-m/nofp/libcr_c.a(memset.o)
                              ./debug_frdm/Touch_Sensor.o (memset)
/Applications/MCUXpressoIDE_11.0.1_2563/ide/plugins/com.nxp.mcuxpresso.tools.macosx_11.0.1.201907311258/tools/bin/../lib/gcc/arm-none-eabi/8.2.1/../../../../arm-none-eabi/lib/thumb/v6-m/nofp/libcr_c.a(fpprintf.o)
                              ./debug_frdm/setLed_frdm.o (printf)
/Applications/MCUXpressoIDE_11.0.1_2563/ide/plugins/com.nxp.mcuxpresso.tools.macosx_11.0.1.201907311258/tools/bin/../lib/gcc/arm-none-eabi/8.2.1/../../../../arm-none-eabi/lib/thumb/v6-m/nofp/libcr_c.a(locale.o)
                              ./debug_frdm/printTimeStamp.o (strftime)
/Applications/MCUXpressoIDE_11.0.1_2563/ide/plugins/com.nxp.mcuxpresso.tools.macosx_11.0.1.201907311258/tools/bin/../lib/gcc/arm-none-eabi/8.2.1/../../../../arm-none-eabi/lib/thumb/v6-m/nofp/libcr_c.a(printf.o)
                              /Applications/MCUXpressoIDE_11.0.1_2563/ide/plugins/com.nxp.mcuxpresso.tools.macosx_11.0.1.201907311258/tools/bin/../lib/gcc/arm-none-eabi/8.2.1/../../../../arm-none-eabi/lib/thumb/v6-m/nofp/libcr_c.a(fpprintf.o) (__vfprintf)
/Applications/MCUXpressoIDE_11.0.1_2563/ide/plugins/com.nxp.mcuxpresso.tools.macosx_11.0.1.201907311258/tools/bin/../lib/gcc/arm-none-eabi/8.2.1/../../../../arm-none-eabi/lib/thumb/v6-m/nofp/libcr_c.a(strcmp.o)
                              /Applications/MCUXpressoIDE_11.0.1_2563/ide/plugins/com.nxp.mcuxpresso.tools.macosx_11.0.1.201907311258/tools/bin/../lib/gcc/arm-none-eabi/8.2.1/../../../../arm-none-eabi/lib/thumb/v6-m/nofp/libcr_c.a(locale.o) (strcmp)
/Applications/MCUXpressoIDE_11.0.1_2563/ide/plugins/com.nxp.mcuxpresso.tools.macosx_11.0.1.201907311258/tools/bin/../lib/gcc/arm-none-eabi/8.2.1/../../../../arm-none-eabi/lib/thumb/v6-m/nofp/libcr_c.a(strlen.o)
                              ./debug_frdm/utilities/fsl_debug_console.o (strlen)
/Applications/MCUXpressoIDE_11.0.1_2563/ide/plugins/com.nxp.mcuxpresso.tools.macosx_11.0.1.201907311258/tools/bin/../lib/gcc/arm-none-eabi/8.2.1/../../../../arm-none-eabi/lib/thumb/v6-m/nofp/libcr_c.a(time.o)
                              ./debug_frdm/printTimeStamp.o (localtime)
/Applications/MCUXpressoIDE_11.0.1_2563/ide/plugins/com.nxp.mcuxpresso.tools.macosx_11.0.1.201907311258/tools/bin/../lib/gcc/arm-none-eabi/8.2.1/../../../../arm-none-eabi/lib/thumb/v6-m/nofp/libcr_c.a(_deferredlazyseek.o)
                              /Applications/MCUXpressoIDE_11.0.1_2563/ide/plugins/com.nxp.mcuxpresso.tools.macosx_11.0.1.201907311258/tools/bin/../lib/gcc/arm-none-eabi/8.2.1/../../../../arm-none-eabi/lib/thumb/v6-m/nofp/libcr_c.a(fpprintf.o) (__flsbuf)
/Applications/MCUXpressoIDE_11.0.1_2563/ide/plugins/com.nxp.mcuxpresso.tools.macosx_11.0.1.201907311258/tools/bin/../lib/gcc/arm-none-eabi/8.2.1/../../../../arm-none-eabi/lib/thumb/v6-m/nofp/libcr_c.a(_fflush.o)
                              /Applications/MCUXpressoIDE_11.0.1_2563/ide/plugins/com.nxp.mcuxpresso.tools.macosx_11.0.1.201907311258/tools/bin/../lib/gcc/arm-none-eabi/8.2.1/../../../../arm-none-eabi/lib/thumb/v6-m/nofp/libcr_c.a(_deferredlazyseek.o) (_fflush)
/Applications/MCUXpressoIDE_11.0.1_2563/ide/plugins/com.nxp.mcuxpresso.tools.macosx_11.0.1.201907311258/tools/bin/../lib/gcc/arm-none-eabi/8.2.1/../../../../arm-none-eabi/lib/thumb/v6-m/nofp/libcr_c.a(_frexpl.o)
                              /Applications/MCUXpressoIDE_11.0.1_2563/ide/plugins/com.nxp.mcuxpresso.tools.macosx_11.0.1.201907311258/tools/bin/../lib/gcc/arm-none-eabi/8.2.1/../../../../arm-none-eabi/lib/thumb/v6-m/nofp/libcr_c.a(fpprintf.o) (_frexpl)
/Applications/MCUXpressoIDE_11.0.1_2563/ide/plugins/com.nxp.mcuxpresso.tools.macosx_11.0.1.201907311258/tools/bin/../lib/gcc/arm-none-eabi/8.2.1/../../../../arm-none-eabi/lib/thumb/v6-m/nofp/libcr_c.a(_ldexpl.o)
                              /Applications/MCUXpressoIDE_11.0.1_2563/ide/plugins/com.nxp.mcuxpresso.tools.macosx_11.0.1.201907311258/tools/bin/../lib/gcc/arm-none-eabi/8.2.1/../../../../arm-none-eabi/lib/thumb/v6-m/nofp/libcr_c.a(fpprintf.o) (_ldexpl)
/Applications/MCUXpressoIDE_11.0.1_2563/ide/plugins/com.nxp.mcuxpresso.tools.macosx_11.0.1.201907311258/tools/bin/../lib/gcc/arm-none-eabi/8.2.1/../../../../arm-none-eabi/lib/thumb/v6-m/nofp/libcr_c.a(_writebuf.o)
[...]
Memory Configuration

Name             Origin             Length             Attributes
PROGRAM_FLASH    0x0000000000000000 0x0000000000020000 xr
SRAM             0x000000001ffff000 0x0000000000004000 xrw
*default*        0x0000000000000000 0xffffffffffffffff

Linker script and memory map

LOAD ./debug_frdm/main.o
LOAD ./debug_frdm/CMSIS/startup_MKL25Z4.o
LOAD ./debug_frdm/CMSIS/system_MKL25Z4.o
LOAD ./debug_frdm/setLed_frdm.o
LOAD ./debug_frdm/Touch_Sensor.o
LOAD ./debug_frdm/board/board.o
LOAD ./debug_frdm/board/clock_config.o
LOAD ./debug_frdm/board/peripherals.o
LOAD ./debug_frdm/board/pin_mux.o
LOAD ./debug_frdm/drivers/fsl_clock.o
LOAD ./debug_frdm/drivers/fsl_common.o
LOAD ./debug_frdm/drivers/fsl_flash.o
LOAD ./debug_frdm/drivers/fsl_gpio.o
LOAD ./debug_frdm/drivers/fsl_lpsci.o
LOAD ./debug_frdm/drivers/fsl_lptmr.o
LOAD ./debug_frdm/drivers/fsl_smc.o
LOAD ./debug_frdm/drivers/fsl_tsi_v4.o
LOAD ./debug_frdm/drivers/fsl_uart.o
LOAD ./debug_frdm/utilities/fsl_debug_console.o
LOAD ./debug_frdm/printTimeStamp.o
LOAD ./debug_frdm/rtcInit.o
START GROUP
LOAD /Applications/MCUXpressoIDE_11.0.1_2563/ide/plugins/com.nxp.mcuxpresso.tools.macosx_11.0.1.201907311258/tools/bin/../lib/gcc/arm-none-eabi/8.2.1/../../../../arm-none-eabi/lib/thumb/v6-m/nofp/libcr_semihost_nf.a
LOAD /Applications/MCUXpressoIDE_11.0.1_2563/ide/plugins/com.nxp.mcuxpresso.tools.macosx_11.0.1.201907311258/tools/bin/../lib/gcc/arm-none-eabi/8.2.1/../../../../arm-none-eabi/lib/thumb/v6-m/nofp/libcr_c.a
LOAD /Applications/MCUXpressoIDE_11.0.1_2563/ide/plugins/com.nxp.mcuxpresso.tools.macosx_11.0.1.201907311258/tools/bin/../lib/gcc/arm-none-eabi/8.2.1/thumb/v6-m/nofp/libcr_eabihelpers.a
END GROUP
                0x0000000000000000                __base_PROGRAM_FLASH = 0x0
                0x0000000000000000                __base_Flash = 0x0
                0x0000000000020000                __top_PROGRAM_FLASH = 0x20000
                0x0000000000020000                __top_Flash = 0x20000
                0x000000001ffff000                __base_SRAM = 0x1ffff000
                0x000000001ffff000                __base_RAM = 0x1ffff000
                0x0000000020003000                __top_SRAM = 0x20003000
                0x0000000020003000                __top_RAM = 0x20003000

.text           0x0000000000000000     0x67e4
 FILL mask 0xff
                0x0000000000000000                __vectors_start__ = ABSOLUTE (.)
 *(.isr_vector)
 .isr_vector    0x0000000000000000       0xc0 ./debug_frdm/CMSIS/startup_MKL25Z4.o
                0x0000000000000000                __Vectors
                0x0000000000000000                g_pfnVectors
                0x00000000000000c0                . = ALIGN (0x4)
                0x00000000000000c0                __section_table_start = .
                0x00000000000000c0                __data_section_table = .
                0x00000000000000c0        0x4 LONG 0x67e4 LOADADDR (.data)
                0x00000000000000c4        0x4 LONG 0x1ffff000 ADDR (.data)
                0x00000000000000c8        0x4 LONG 0x60 SIZEOF (.data)
                0x00000000000000cc                __data_section_table_end = .
                0x00000000000000cc                __bss_section_table = .
                0x00000000000000cc        0x4 LONG 0x1ffff060 ADDR (.bss)
                0x00000000000000d0        0x4 LONG 0x1d8 SIZEOF (.bss)
                0x00000000000000d4                __bss_section_table_end = .
                0x00000000000000d4                __section_table_end = .
 *(.after_vectors*)
 .after_vectors.init_data
                0x00000000000000d4       0x40 ./debug_frdm/CMSIS/startup_MKL25Z4.o
                0x00000000000000d4                data_init
 .after_vectors.init_bss
                0x0000000000000114       0x34 ./debug_frdm/CMSIS/startup_MKL25Z4.o
                0x0000000000000114                bss_init
 .after_vectors.reset
                0x0000000000000148       0x84 ./debug_frdm/CMSIS/startup_MKL25Z4.o
                0x0000000000000148                ResetISR
 .after_vectors
                0x00000000000001cc      0x1e4 ./debug_frdm/CMSIS/startup_MKL25Z4.o
                0x00000000000001cc                NMI_Handler
                0x00000000000001d2                HardFault_Handler
                0x00000000000001d8                SVC_Handler
                0x00000000000001de                PendSV_Handler
                0x00000000000001ea                LPTMR0_DriverIRQHandler
                0x00000000000001ea                PIT_DriverIRQHandler
                0x00000000000001ea                Reserved39_DriverIRQHandler
                0x00000000000001ea                DMA0_DriverIRQHandler
                0x00000000000001ea                SPI1_DriverIRQHandler
                0x00000000000001ea                TPM2_DriverIRQHandler
                0x00000000000001ea                TSI0_DriverIRQHandler
                0x00000000000001ea                LLWU_DriverIRQHandler
                0x00000000000001ea                MCG_DriverIRQHandler
                0x00000000000001ea                FTFA_DriverIRQHandler
                0x00000000000001ea                IntDefaultHandler
                0x00000000000001ea                USB0_DriverIRQHandler
                0x00000000000001ea                DAC0_DriverIRQHandler
                0x00000000000001ea                LVD_LVW_DriverIRQHandler
                0x00000000000001ea                TPM0_DriverIRQHandler
                0x00000000000001ea                Reserved20_DriverIRQHandler
                0x00000000000001ea                DMA3_DriverIRQHandler
                0x00000000000001ea                Reserved45_DriverIRQHandler
                0x00000000000001ea                PORTA_DriverIRQHandler
                0x00000000000001ea                TPM1_DriverIRQHandler
                0x00000000000001ea                RTC_DriverIRQHandler
                0x00000000000001ea                DMA1_DriverIRQHandler
                0x00000000000001ea                I2C1_DriverIRQHandler
                0x00000000000001ea                SPI0_DriverIRQHandler
                0x00000000000001ea                ADC0_DriverIRQHandler
                0x00000000000001ea                CMP0_DriverIRQHandler
                0x00000000000001ea                DMA2_DriverIRQHandler
                0x00000000000001ea                PORTD_DriverIRQHandler
                0x00000000000001ea                I2C0_DriverIRQHandler
                0x00000000000001f0                DMA0_IRQHandler
                0x00000000000001fe                DMA1_IRQHandler
                0x000000000000020c                DMA2_IRQHandler
                0x000000000000021a                DMA3_IRQHandler
                0x0000000000000228                Reserved20_IRQHandler
                0x0000000000000236                FTFA_IRQHandler
                0x0000000000000244                LVD_LVW_IRQHandler
                0x0000000000000252                LLWU_IRQHandler
                0x0000000000000260                I2C0_IRQHandler
                0x000000000000026e                I2C1_IRQHandler
                0x000000000000027c                SPI0_IRQHandler
                0x000000000000028a                SPI1_IRQHandler
                0x0000000000000298                UART0_IRQHandler
                0x00000000000002a6                UART1_IRQHandler
                0x00000000000002b4                UART2_IRQHandler
                0x00000000000002c2                ADC0_IRQHandler
                0x00000000000002d0                CMP0_IRQHandler
                0x00000000000002de                TPM0_IRQHandler
                0x00000000000002ec                TPM1_IRQHandler
                0x00000000000002fa                TPM2_IRQHandler
                0x0000000000000308                RTC_IRQHandler
                0x0000000000000316                RTC_Seconds_IRQHandler
                0x0000000000000324                PIT_IRQHandler
                0x0000000000000332                Reserved39_IRQHandler
                0x0000000000000340                USB0_IRQHandler
                0x000000000000034e                DAC0_IRQHandler
                0x000000000000036a                MCG_IRQHandler
                0x0000000000000378                LPTMR0_IRQHandler
                0x0000000000000386                Reserved45_IRQHandler
                0x0000000000000394                PORTA_IRQHandler
                0x00000000000003a2                PORTD_IRQHandler
                0x0000000000000400                . = 0x400
 *fill*         0x00000000000003b0       0x50 ff
                0x0000000000000400                PROVIDE (__FLASH_CONFIG_START__ = .)
 *(.FlashConfig)
 .FlashConfig   0x0000000000000400       0x10 ./debug_frdm/CMSIS/startup_MKL25Z4.o
                0x0000000000000400                Flash_Config
                0x0000000000000410                PROVIDE (__FLASH_CONFIG_END__ = .)
                0x0000000000000001                ASSERT (! ((__FLASH_CONFIG_START__ == __FLASH_CONFIG_END__)), Linker Flash Config Support Enabled, but no .FlashConfig section provided within application)
 *(.text*)
 .text.GPIO_WritePinOutput
                0x0000000000000410       0x34 ./debug_frdm/main.o
 .text.GPIO_SetPinsOutput
                0x0000000000000444       0x18 ./debug_frdm/main.o
 .text.init_pins
                0x000000000000045c       0x94 ./debug_frdm/main.o
                0x000000000000045c                init_pins
 .text.delay    0x00000000000004f0       0x40 ./debug_frdm/main.o
                0x00000000000004f0                delay
 .text.SysTick_Handler
                0x0000000000000530       0x18 ./debug_frdm/main.o
                0x0000000000000530                SysTick_Handler
 .text.RTC_Seconds_DriverIRQHandler
                0x0000000000000548       0x24 ./debug_frdm/main.o
                0x0000000000000548                RTC_Seconds_DriverIRQHandler
 .text.main     0x000000000000056c       0xe8 ./debug_frdm/main.o
                0x000000000000056c                main
 .text.SystemInit
                0x0000000000000654       0x18 ./debug_frdm/CMSIS/system_MKL25Z4.o
                0x0000000000000654                SystemInit
 .text.GPIO_SetPinsOutput
                0x000000000000066c       0x18 ./debug_frdm/setLed_frdm.o
 .text.GPIO_ClearPinsOutput
                0x0000000000000684       0x18 ./debug_frdm/setLed_frdm.o
 .text.setLed   0x000000000000069c      0x118 ./debug_frdm/setLed_frdm.o
                0x000000000000069c                setLed
 .text.NVIC_EnableIRQ
                0x00000000000007b4       0x2c ./debug_frdm/Touch_Sensor.o
 .text.TSI_EnableModule
                0x00000000000007e0       0x40 ./debug_frdm/Touch_Sensor.o
 .text.TSI_EnableHardwareTriggerScan
                0x0000000000000820       0x40 ./debug_frdm/Touch_Sensor.o
 .text.TSI_SetMeasuredChannelNumber
                0x0000000000000860       0x50 ./debug_frdm/Touch_Sensor.o
 .text.TSI_GetMeasuredChannelNumber
                0x00000000000008b0       0x1e ./debug_frdm/Touch_Sensor.o
 .text.TSI_GetCounter
                0x00000000000008ce       0x16 ./debug_frdm/Touch_Sensor.o
 .text.LPTMR_SetTimerPeriod
                0x00000000000008e4       0x40 ./debug_frdm/Touch_Sensor.o
 .text.LPTMR_StartTimer
                0x0000000000000924       0x2c ./debug_frdm/Touch_Sensor.o
 .text.TSI0_IRQHandler
                0x0000000000000950       0xe8 ./debug_frdm/Touch_Sensor.o
                0x0000000000000950                TSI0_IRQHandler
 .text.poll     0x0000000000000a38      0x138 ./debug_frdm/Touch_Sensor.o
                0x0000000000000a38                poll
 .text.CLOCK_SetLpsci0Clock
                0x0000000000000b70       0x38 ./debug_frdm/board/board.o
 .text.BOARD_InitDebugConsole
                0x0000000000000ba8       0x30 ./debug_frdm/board/board.o
                0x0000000000000ba8                BOARD_InitDebugConsole
 .text.CLOCK_SetLpsci0Clock
                0x0000000000000bd8       0x38 ./debug_frdm/board/clock_config.o
 .text.CLOCK_SetSimSafeDivs
                0x0000000000000c10       0x20 ./debug_frdm/board/clock_config.o
 .text.CLOCK_SetXtal0Freq
                0x0000000000000c30       0x1c ./debug_frdm/board/clock_config.o
 .text.CLOCK_SetXtal32Freq
                0x0000000000000c4c       0x1c ./debug_frdm/board/clock_config.o
 .text.CLOCK_CONFIG_SetFllExtRefDiv
                0x0000000000000c68       0x3c ./debug_frdm/board/clock_config.o
 .text.BOARD_InitBootClocks
                0x0000000000000ca4        0xe ./debug_frdm/board/clock_config.o
                0x0000000000000ca4                BOARD_InitBootClocks
 *fill*         0x0000000000000cb2        0x2 ff
 .text.BOARD_BootClockRUN
                0x0000000000000cb4       0x74 ./debug_frdm/board/clock_config.o
                0x0000000000000cb4                BOARD_BootClockRUN
 .text.BOARD_InitBootPeripherals
                0x0000000000000d28        0xa ./debug_frdm/board/peripherals.o
                0x0000000000000d28                BOARD_InitBootPeripherals
 *fill*         0x0000000000000d32        0x2 ff
 .text.CLOCK_EnableClock
                0x0000000000000d34       0x34 ./debug_frdm/board/pin_mux.o
 .text.PORT_SetPinMux
                0x0000000000000d68       0x40 ./debug_frdm/board/pin_mux.o
 .text.BOARD_InitBootPins
                0x0000000000000da8        0xe ./debug_frdm/board/pin_mux.o
                0x0000000000000da8                BOARD_InitBootPins
 *fill*         0x0000000000000db6        0x2 ff
 .text.BOARD_InitPins
                0x0000000000000db8       0x90 ./debug_frdm/board/pin_mux.o
                0x0000000000000db8                BOARD_InitPins
 .text.CLOCK_SetEr32kClock
                0x0000000000000e48       0x34 ./debug_frdm/drivers/fsl_clock.o
 .text.CLOCK_SetPllFllSelClock
                0x0000000000000e7c       0x38 ./debug_frdm/drivers/fsl_clock.o
 .text.OSC_SetExtRefClkConfig
                0x0000000000000eb4       0x3e ./debug_frdm/drivers/fsl_clock.o
 .text.OSC_SetCapLoad
                0x0000000000000ef2       0x42 ./debug_frdm/drivers/fsl_clock.o
 .text.CLOCK_GetMcgExtClkFreq
                0x0000000000000f34       0x34 ./debug_frdm/drivers/fsl_clock.o
 .text.CLOCK_GetFllExtRefClkFreq
                0x0000000000000f68       0xa4 ./debug_frdm/drivers/fsl_clock.o
 .text.CLOCK_GetInternalRefClkSelectFreq
                0x000000000000100c       0x40 ./debug_frdm/drivers/fsl_clock.o
 .text.CLOCK_GetFllRefClkFreq
                0x000000000000104c       0x2c ./debug_frdm/drivers/fsl_clock.o
 .text.CLOCK_GetPll0RefFreq
                0x0000000000001078       0x10 ./debug_frdm/drivers/fsl_clock.o
 .text.CLOCK_GetOscRangeFromFreq
                0x0000000000001088       0x4c ./debug_frdm/drivers/fsl_clock.o
 .text.CLOCK_GetOsc0ErClkFreq
                0x00000000000010d4       0x4c ./debug_frdm/drivers/fsl_clock.o
                0x00000000000010d4                CLOCK_GetOsc0ErClkFreq
 .text.CLOCK_GetEr32kClkFreq
                0x0000000000001120       0x84 ./debug_frdm/drivers/fsl_clock.o
                0x0000000000001120                CLOCK_GetEr32kClkFreq
 .text.CLOCK_GetPllFllSelClkFreq
                0x00000000000011a4       0x4c ./debug_frdm/drivers/fsl_clock.o
                0x00000000000011a4                CLOCK_GetPllFllSelClkFreq
 .text.CLOCK_GetFreq
                0x00000000000011f0       0xe0 ./debug_frdm/drivers/fsl_clock.o
                0x00000000000011f0                CLOCK_GetFreq
 .text.CLOCK_SetSimConfig
                0x00000000000012d0       0x38 ./debug_frdm/drivers/fsl_clock.o
                0x00000000000012d0                CLOCK_SetSimConfig
 .text.CLOCK_GetOutClkFreq
                0x0000000000001308       0x68 ./debug_frdm/drivers/fsl_clock.o
                0x0000000000001308                CLOCK_GetOutClkFreq
 .text.CLOCK_GetFllFreq
                0x0000000000001370       0x84 ./debug_frdm/drivers/fsl_clock.o
                0x0000000000001370                CLOCK_GetFllFreq
 .text.CLOCK_GetInternalRefClkFreq
                0x00000000000013f4       0x28 ./debug_frdm/drivers/fsl_clock.o
                0x00000000000013f4                CLOCK_GetInternalRefClkFreq
 .text.CLOCK_GetFixedFreqClkFreq
                0x000000000000141c       0x30 ./debug_frdm/drivers/fsl_clock.o
                0x000000000000141c                CLOCK_GetFixedFreqClkFreq
 .text.CLOCK_GetPll0Freq
                0x000000000000144c       0x80 ./debug_frdm/drivers/fsl_clock.o
                0x000000000000144c                CLOCK_GetPll0Freq
 .text.CLOCK_SetExternalRefClkConfig
                0x00000000000014cc       0x16 ./debug_frdm/drivers/fsl_clock.o
                0x00000000000014cc                CLOCK_SetExternalRefClkConfig
 *fill*         0x00000000000014e2        0x2 ff
 .text.CLOCK_SetInternalRefClkConfig
                0x00000000000014e4      0x124 ./debug_frdm/drivers/fsl_clock.o
                0x00000000000014e4                CLOCK_SetInternalRefClkConfig
 .text.CLOCK_EnablePll0
                0x0000000000001608       0xa0 ./debug_frdm/drivers/fsl_clock.o
                0x0000000000001608                CLOCK_EnablePll0
 .text.CLOCK_InitOsc0
                0x00000000000016a8       0x94 ./debug_frdm/drivers/fsl_clock.o
                0x00000000000016a8                CLOCK_InitOsc0
 .text.CLOCK_SetPbeMode
                0x000000000000173c       0xc0 ./debug_frdm/drivers/fsl_clock.o
                0x000000000000173c                CLOCK_SetPbeMode
 .text.CLOCK_BootToPeeMode
                0x00000000000017fc       0x80 ./debug_frdm/drivers/fsl_clock.o
                0x00000000000017fc                CLOCK_BootToPeeMode
 .text.__assert_func
                0x000000000000187c       0x28 ./debug_frdm/drivers/fsl_common.o
                0x000000000000187c                __assert_func
 .text.CLOCK_EnableClock
                0x00000000000018a4       0x34 ./debug_frdm/drivers/fsl_lpsci.o
 .text.LPSCI_GetInstance
                0x00000000000018d8       0x54 ./debug_frdm/drivers/fsl_lpsci.o
                0x00000000000018d8                LPSCI_GetInstance
 .text.LPSCI_Init
                0x000000000000192c      0x268 ./debug_frdm/drivers/fsl_lpsci.o
                0x000000000000192c                LPSCI_Init
 .text.LPSCI_GetDefaultConfig
                0x0000000000001b94       0x54 ./debug_frdm/drivers/fsl_lpsci.o
                0x0000000000001b94                LPSCI_GetDefaultConfig
 .text.LPSCI_GetStatusFlags
                0x0000000000001be8       0x26 ./debug_frdm/drivers/fsl_lpsci.o
                0x0000000000001be8                LPSCI_GetStatusFlags
 *fill*         0x0000000000001c0e        0x2 ff
 .text.LPSCI_ClearStatusFlags
                0x0000000000001c10       0x94 ./debug_frdm/drivers/fsl_lpsci.o
                0x0000000000001c10                LPSCI_ClearStatusFlags
 .text.LPSCI_WriteBlocking
                0x0000000000001ca4       0x5c ./debug_frdm/drivers/fsl_lpsci.o
                0x0000000000001ca4                LPSCI_WriteBlocking
 .text.LPSCI_ReadBlocking
                0x0000000000001d00       0xd0 ./debug_frdm/drivers/fsl_lpsci.o
                0x0000000000001d00                LPSCI_ReadBlocking
 .text.UART0_DriverIRQHandler
                0x0000000000001dd0       0x24 ./debug_frdm/drivers/fsl_lpsci.o
                0x0000000000001dd0                UART0_DriverIRQHandler
 .text.CLOCK_EnableClock
                0x0000000000001df4       0x34 ./debug_frdm/drivers/fsl_lptmr.o
 .text.LPTMR_GetInstance
                0x0000000000001e28       0x54 ./debug_frdm/drivers/fsl_lptmr.o
 .text.LPTMR_Init
                0x0000000000001e7c       0xa0 ./debug_frdm/drivers/fsl_lptmr.o
                0x0000000000001e7c                LPTMR_Init
 .text.LPTMR_GetDefaultConfig
                0x0000000000001f1c       0x58 ./debug_frdm/drivers/fsl_lptmr.o
                0x0000000000001f1c                LPTMR_GetDefaultConfig
 .text.CLOCK_EnableClock
                0x0000000000001f74       0x34 ./debug_frdm/drivers/fsl_tsi_v4.o
 .text.TSI_GetStatusFlags
                0x0000000000001fa8       0x1c ./debug_frdm/drivers/fsl_tsi_v4.o
 .text.TSI_SetElectrodeOSCPrescaler
                0x0000000000001fc4       0x34 ./debug_frdm/drivers/fsl_tsi_v4.o
 .text.TSI_SetNumberOfScans
                0x0000000000001ff8       0x34 ./debug_frdm/drivers/fsl_tsi_v4.o
 .text.TSI_EnableModule
                0x000000000000202c       0x40 ./debug_frdm/drivers/fsl_tsi_v4.o
 .text.TSI_StartSoftwareTrigger
                0x000000000000206c       0x1e ./debug_frdm/drivers/fsl_tsi_v4.o
 *fill*         0x000000000000208a        0x2 ff
 .text.TSI_SetMeasuredChannelNumber
                0x000000000000208c       0x50 ./debug_frdm/drivers/fsl_tsi_v4.o
 .text.TSI_GetCounter
                0x00000000000020dc       0x16 ./debug_frdm/drivers/fsl_tsi_v4.o
 *fill*         0x00000000000020f2        0x2 ff
 .text.TSI_SetLowThreshold
                0x00000000000020f4       0x54 ./debug_frdm/drivers/fsl_tsi_v4.o
 .text.TSI_SetHighThreshold
                0x0000000000002148       0x54 ./debug_frdm/drivers/fsl_tsi_v4.o
 .text.TSI_SetAnalogMode
                0x000000000000219c       0x34 ./debug_frdm/drivers/fsl_tsi_v4.o
 .text.TSI_SetReferenceChargeCurrent
                0x00000000000021d0       0x34 ./debug_frdm/drivers/fsl_tsi_v4.o
 .text.TSI_SetElectrodeChargeCurrent
                0x0000000000002204       0x34 ./debug_frdm/drivers/fsl_tsi_v4.o
 .text.TSI_SetOscVoltageRails
                0x0000000000002238       0x34 ./debug_frdm/drivers/fsl_tsi_v4.o
 .text.TSI_SetElectrodeSeriesResistor
                0x000000000000226c       0x34 ./debug_frdm/drivers/fsl_tsi_v4.o
 .text.TSI_SetFilterBits
                0x00000000000022a0       0x30 ./debug_frdm/drivers/fsl_tsi_v4.o
 .text.TSI_Init
                0x00000000000022d0      0x1a4 ./debug_frdm/drivers/fsl_tsi_v4.o
                0x00000000000022d0                TSI_Init
 .text.TSI_GetNormalModeDefaultConfig
                0x0000000000002474       0x40 ./debug_frdm/drivers/fsl_tsi_v4.o
                0x0000000000002474                TSI_GetNormalModeDefaultConfig
 .text.TSI_Calibrate
                0x00000000000024b4       0xd8 ./debug_frdm/drivers/fsl_tsi_v4.o
                0x00000000000024b4                TSI_Calibrate
 .text.TSI_EnableInterrupts
                0x000000000000258c       0x5c ./debug_frdm/drivers/fsl_tsi_v4.o
                0x000000000000258c                TSI_EnableInterrupts
 .text.TSI_DisableInterrupts
                0x00000000000025e8       0x5c ./debug_frdm/drivers/fsl_tsi_v4.o
                0x00000000000025e8                TSI_DisableInterrupts
 .text.TSI_ClearStatusFlags
                0x0000000000002644       0x48 ./debug_frdm/drivers/fsl_tsi_v4.o
                0x0000000000002644                TSI_ClearStatusFlags
 .text.CLOCK_EnableClock
                0x000000000000268c       0x34 ./debug_frdm/drivers/fsl_uart.o
 .text.UART_GetInstance
                0x00000000000026c0       0x60 ./debug_frdm/drivers/fsl_uart.o
                0x00000000000026c0                UART_GetInstance
 .text.UART_Init
                0x0000000000002720      0x1f0 ./debug_frdm/drivers/fsl_uart.o
                0x0000000000002720                UART_Init
 .text.UART_GetDefaultConfig
                0x0000000000002910       0x54 ./debug_frdm/drivers/fsl_uart.o
                0x0000000000002910                UART_GetDefaultConfig
 .text.UART_GetStatusFlags
                0x0000000000002964       0x26 ./debug_frdm/drivers/fsl_uart.o
                0x0000000000002964                UART_GetStatusFlags
 .text.UART_WriteBlocking
                0x000000000000298a       0x3a ./debug_frdm/drivers/fsl_uart.o
                0x000000000000298a                UART_WriteBlocking
 .text.UART_ReadBlocking
                0x00000000000029c4       0xa8 ./debug_frdm/drivers/fsl_uart.o
                0x00000000000029c4                UART_ReadBlocking
 .text.UART1_DriverIRQHandler
                0x0000000000002a6c       0x24 ./debug_frdm/drivers/fsl_uart.o
                0x0000000000002a6c                UART1_DriverIRQHandler
 .text.UART2_DriverIRQHandler
                0x0000000000002a90       0x24 ./debug_frdm/drivers/fsl_uart.o
                0x0000000000002a90                UART2_DriverIRQHandler
 .text.UART_EnableTx
                0x0000000000002ab4       0x40 ./debug_frdm/utilities/fsl_debug_console.o
 .text.UART_EnableRx
                0x0000000000002af4       0x40 ./debug_frdm/utilities/fsl_debug_console.o
 .text.LPSCI_EnableTx
                0x0000000000002b34       0x40 ./debug_frdm/utilities/fsl_debug_console.o
 .text.LPSCI_EnableRx
                0x0000000000002b74       0x40 ./debug_frdm/utilities/fsl_debug_console.o
 .text.DbgConsole_Init
                0x0000000000002bb4       0xf0 ./debug_frdm/utilities/fsl_debug_console.o
                0x0000000000002bb4                DbgConsole_Init
 .text.DbgConsole_Printf
                0x0000000000002ca4       0x44 ./debug_frdm/utilities/fsl_debug_console.o
                0x0000000000002ca4                DbgConsole_Printf
 .text.DbgConsole_Putchar
                0x0000000000002ce8       0x34 ./debug_frdm/utilities/fsl_debug_console.o
                0x0000000000002ce8                DbgConsole_Putchar
 .text.DbgConsole_PrintfPaddingCharacter
                0x0000000000002d1c       0x46 ./debug_frdm/utilities/fsl_debug_console.o
 .text.DbgConsole_ConvertRadixNumToString
                0x0000000000002d62      0x114 ./debug_frdm/utilities/fsl_debug_console.o
 .text.DbgConsole_PrintfFormattedData
                0x0000000000002e76      0x336 ./debug_frdm/utilities/fsl_debug_console.o
 .text.printTimeStamp
                0x00000000000031ac       0x94 ./debug_frdm/printTimeStamp.o
                0x00000000000031ac                printTimeStamp
 .text.NVIC_EnableIRQ
                0x0000000000003240       0x2c ./debug_frdm/rtcInit.o
 .text.NVIC_SetPriority
                0x000000000000326c       0xdc ./debug_frdm/rtcInit.o
 .text.SysTick_Config
                0x0000000000003348       0x48 ./debug_frdm/rtcInit.o
 .text.rtc_init
                0x0000000000003390      0x178 ./debug_frdm/rtcInit.o
                0x0000000000003390                rtc_init
 .text.memset   0x0000000000003508        0x8 /Applications/MCUXpressoIDE_11.0.1_2563/ide/plugins/com.nxp.mcuxpresso.tools.macosx_11.0.1.201907311258/tools/bin/../lib/gcc/arm-none-eabi/8.2.1/../../../../arm-none-eabi/lib/thumb/v6-m/nofp/libcr_c.a(memset.o)
                0x0000000000003508                memset
 .text.fp_round
                0x0000000000003510       0x4a /Applications/MCUXpressoIDE_11.0.1_2563/ide/plugins/com.nxp.mcuxpresso.tools.macosx_11.0.1.201907311258/tools/bin/../lib/gcc/arm-none-eabi/8.2.1/../../../../arm-none-eabi/lib/thumb/v6-m/nofp/libcr_c.a(fpprintf.o)
 .text.pr_dec.constprop.1
                0x000000000000355a       0x30 /Applications/MCUXpressoIDE_11.0.1_2563/ide/plugins/com.nxp.mcuxpresso.tools.macosx_11.0.1.201907311258/tools/bin/../lib/gcc/arm-none-eabi/8.2.1/../../../../arm-none-eabi/lib/thumb/v6-m/nofp/libcr_c.a(fpprintf.o)
 *fill*         0x000000000000358a        0x2 ff
 .text.sprintf  0x000000000000358c       0x6c /Applications/MCUXpressoIDE_11.0.1_2563/ide/plugins/com.nxp.mcuxpresso.tools.macosx_11.0.1.201907311258/tools/bin/../lib/gcc/arm-none-eabi/8.2.1/../../../../arm-none-eabi/lib/thumb/v6-m/nofp/libcr_c.a(fpprintf.o)
                0x000000000000358c                sprintf
 .text.fp_display
                0x00000000000035f8      0x964 /Applications/MCUXpressoIDE_11.0.1_2563/ide/plugins/com.nxp.mcuxpresso.tools.macosx_11.0.1.201907311258/tools/bin/../lib/gcc/arm-none-eabi/8.2.1/../../../../arm-none-eabi/lib/thumb/v6-m/nofp/libcr_c.a(fpprintf.o)
 .text.vsnprintf
                0x0000000000003f5c       0x70 /Applications/MCUXpressoIDE_11.0.1_2563/ide/plugins/com.nxp.mcuxpresso.tools.macosx_11.0.1.201907311258/tools/bin/../lib/gcc/arm-none-eabi/8.2.1/../../../../arm-none-eabi/lib/thumb/v6-m/nofp/libcr_c.a(fpprintf.o)
                0x0000000000003f5c                vsnprintf
 .text.printf   0x0000000000003fcc       0x50 /Applications/MCUXpressoIDE_11.0.1_2563/ide/plugins/com.nxp.mcuxpresso.tools.macosx_11.0.1.201907311258/tools/bin/../lib/gcc/arm-none-eabi/8.2.1/../../../../arm-none-eabi/lib/thumb/v6-m/nofp/libcr_c.a(fpprintf.o)
                0x0000000000003fcc                printf
 .text.strftime
                0x000000000000401c      0x200 /Applications/MCUXpressoIDE_11.0.1_2563/ide/plugins/com.nxp.mcuxpresso.tools.macosx_11.0.1.201907311258/tools/bin/../lib/gcc/arm-none-eabi/8.2.1/../../../../arm-none-eabi/lib/thumb/v6-m/nofp/libcr_c.a(locale.o)
                0x000000000000401c                strftime
 .text.__vfprintf
                0x000000000000421c      0xcd8 /Applications/MCUXpressoIDE_11.0.1_2563/ide/plugins/com.nxp.mcuxpresso.tools.macosx_11.0.1.201907311258/tools/bin/../lib/gcc/arm-none-eabi/8.2.1/../../../../arm-none-eabi/lib/thumb/v6-m/nofp/libcr_c.a(printf.o)
                0x000000000000421c                __vfprintf
 .text.strlen   0x0000000000004ef4       0x58 /Applications/MCUXpressoIDE_11.0.1_2563/ide/plugins/com.nxp.mcuxpresso.tools.macosx_11.0.1.201907311258/tools/bin/../lib/gcc/arm-none-eabi/8.2.1/../../../../arm-none-eabi/lib/thumb/v6-m/nofp/libcr_c.a(strlen.o)
                0x0000000000004ef4                strlen
 .text.localtime
                0x0000000000004f4c       0xd0 /Applications/MCUXpressoIDE_11.0.1_2563/ide/plugins/com.nxp.mcuxpresso.tools.macosx_11.0.1.201907311258/tools/bin/../lib/gcc/arm-none-eabi/8.2.1/../../../../arm-none-eabi/lib/thumb/v6-m/nofp/libcr_c.a(time.o)
                0x0000000000004f4c                localtime
 .text._deferredlazyseek
                0x000000000000501c       0x40 /Applications/MCUXpressoIDE_11.0.1_2563/ide/plugins/com.nxp.mcuxpresso.tools.macosx_11.0.1.201907311258/tools/bin/../lib/gcc/arm-none-eabi/8.2.1/../../../../arm-none-eabi/lib/thumb/v6-m/nofp/libcr_c.a(_deferredlazyseek.o)
                0x000000000000501c                _deferredlazyseek
 .text.__flsbuf
                0x000000000000505c      0x14c /Applications/MCUXpressoIDE_11.0.1_2563/ide/plugins/com.nxp.mcuxpresso.tools.macosx_11.0.1.201907311258/tools/bin/../lib/gcc/arm-none-eabi/8.2.1/../../../../arm-none-eabi/lib/thumb/v6-m/nofp/libcr_c.a(_deferredlazyseek.o)
                0x000000000000505c                __flsbuf
 .text._fflush  0x00000000000051a8       0x5c /Applications/MCUXpressoIDE_11.0.1_2563/ide/plugins/com.nxp.mcuxpresso.tools.macosx_11.0.1.201907311258/tools/bin/../lib/gcc/arm-none-eabi/8.2.1/../../../../arm-none-eabi/lib/thumb/v6-m/nofp/libcr_c.a(_fflush.o)
                0x00000000000051a8                _fflush
 .text._frexpl  0x0000000000005204       0x80 /Applications/MCUXpressoIDE_11.0.1_2563/ide/plugins/com.nxp.mcuxpresso.tools.macosx_11.0.1.201907311258/tools/bin/../lib/gcc/arm-none-eabi/8.2.1/../../../../arm-none-eabi/lib/thumb/v6-m/nofp/libcr_c.a(_frexpl.o)
                0x0000000000005204                _frexpl
 .text._ldexpl  0x0000000000005284       0x58 /Applications/MCUXpressoIDE_11.0.1_2563/ide/plugins/com.nxp.mcuxpresso.tools.macosx_11.0.1.201907311258/tools/bin/../lib/gcc/arm-none-eabi/8.2.1/../../../../arm-none-eabi/lib/thumb/v6-m/nofp/libcr_c.a(_ldexpl.o)
                0x0000000000005284                _ldexpl
 .text._Cwritebuf
                0x00000000000052dc       0x68 /Applications/MCUXpressoIDE_11.0.1_2563/ide/plugins/com.nxp.mcuxpresso.tools.macosx_11.0.1.201907311258/tools/bin/../lib/gcc/arm-none-eabi/8.2.1/../../../../arm-none-eabi/lib/thumb/v6-m/nofp/libcr_c.a(_writebuf.o)
                0x00000000000052dc                _Cwritebuf
 .text.malloc   0x0000000000005344       0xcc /Applications/MCUXpressoIDE_11.0.1_2563/ide/plugins/com.nxp.mcuxpresso.tools.macosx_11.0.1.201907311258/tools/bin/../lib/gcc/arm-none-eabi/8.2.1/../../../../arm-none-eabi/lib/thumb/v6-m/nofp/libcr_c.a(alloc.o)
                0x0000000000005344                malloc
 .text.free     0x0000000000005410       0x2c /Applications/MCUXpressoIDE_11.0.1_2563/ide/plugins/com.nxp.mcuxpresso.tools.macosx_11.0.1.201907311258/tools/bin/../lib/gcc/arm-none-eabi/8.2.1/../../../../arm-none-eabi/lib/thumb/v6-m/nofp/libcr_c.a(alloc.o)
                0x0000000000005410                free
 .text._Csys_alloc
                0x000000000000543c       0x20 /Applications/MCUXpressoIDE_11.0.1_2563/ide/plugins/com.nxp.mcuxpresso.tools.macosx_11.0.1.201907311258/tools/bin/../lib/gcc/arm-none-eabi/8.2.1/../../../../arm-none-eabi/lib/thumb/v6-m/nofp/libcr_c.a(alloc.o)
                0x000000000000543c                _Csys_alloc
 .text.fseek    0x000000000000545c       0xf0 /Applications/MCUXpressoIDE_11.0.1_2563/ide/plugins/com.nxp.mcuxpresso.tools.macosx_11.0.1.201907311258/tools/bin/../lib/gcc/arm-none-eabi/8.2.1/../../../../arm-none-eabi/lib/thumb/v6-m/nofp/libcr_c.a(fseek.o)
                0x000000000000545c                fseek
 .text.ftell    0x000000000000554c       0x48 /Applications/MCUXpressoIDE_11.0.1_2563/ide/plugins/com.nxp.mcuxpresso.tools.macosx_11.0.1.201907311258/tools/bin/../lib/gcc/arm-none-eabi/8.2.1/../../../../arm-none-eabi/lib/thumb/v6-m/nofp/libcr_c.a(ftell.o)
                0x000000000000554c                ftell
 .text._sbrk    0x0000000000005594       0x40 /Applications/MCUXpressoIDE_11.0.1_2563/ide/plugins/com.nxp.mcuxpresso.tools.macosx_11.0.1.201907311258/tools/bin/../lib/gcc/arm-none-eabi/8.2.1/../../../../arm-none-eabi/lib/thumb/v6-m/nofp/libcr_c.a(_cr_sbrk.o)
                0x0000000000005594                _sbrk
 .text.__check_heap_overflow
                0x00000000000055d4       0x14 /Applications/MCUXpressoIDE_11.0.1_2563/ide/plugins/com.nxp.mcuxpresso.tools.macosx_11.0.1.201907311258/tools/bin/../lib/gcc/arm-none-eabi/8.2.1/../../../../arm-none-eabi/lib/thumb/v6-m/nofp/libcr_c.a(_cr_check_heap.o)
                0x00000000000055d4                __check_heap_overflow
 .text.__aeabi_division_idivmod
                0x00000000000055e8       0x78 /Applications/MCUXpressoIDE_11.0.1_2563/ide/plugins/com.nxp.mcuxpresso.tools.macosx_11.0.1.201907311258/tools/bin/../lib/gcc/arm-none-eabi/8.2.1/thumb/v6-m/nofp/libcr_eabihelpers.a(division_32.o)
                0x00000000000055e8                __aeabi_idiv
                0x00000000000055e8                __aeabi_idivmod
                0x00000000000055ee                __aeabi_uidiv
                0x00000000000055ee                __aeabi_uidivmod
 .text.__aeabi_division_uldivmod
                0x0000000000005660       0x5a /Applications/MCUXpressoIDE_11.0.1_2563/ide/plugins/com.nxp.mcuxpresso.tools.macosx_11.0.1.201907311258/tools/bin/../lib/gcc/arm-none-eabi/8.2.1/thumb/v6-m/nofp/libcr_eabihelpers.a(division_64.o)
                0x0000000000005660                __aeabi_uldivmod
 .text.__aeabi_division_idiv0
                0x00000000000056ba        0x2 /Applications/MCUXpressoIDE_11.0.1_2563/ide/plugins/com.nxp.mcuxpresso.tools.macosx_11.0.1.201907311258/tools/bin/../lib/gcc/arm-none-eabi/8.2.1/thumb/v6-m/nofp/libcr_eabihelpers.a(division_idiv0.o)
                0x00000000000056ba                __aeabi_idiv0
 .text.__aeabi_dmul
                0x00000000000056bc      0x188 /Applications/MCUXpressoIDE_11.0.1_2563/ide/plugins/com.nxp.mcuxpresso.tools.macosx_11.0.1.201907311258/tools/bin/../lib/gcc/arm-none-eabi/8.2.1/thumb/v6-m/nofp/libcr_eabihelpers.a(double.o)
                0x00000000000056bc                __aeabi_dmul
 .text.__aeabi_ddiv
                0x0000000000005844      0x148 /Applications/MCUXpressoIDE_11.0.1_2563/ide/plugins/com.nxp.mcuxpresso.tools.macosx_11.0.1.201907311258/tools/bin/../lib/gcc/arm-none-eabi/8.2.1/thumb/v6-m/nofp/libcr_eabihelpers.a(double.o)
                0x0000000000005844                __aeabi_ddiv
 .text.__aeabi_dsub
                0x000000000000598c      0x1c4 /Applications/MCUXpressoIDE_11.0.1_2563/ide/plugins/com.nxp.mcuxpresso.tools.macosx_11.0.1.201907311258/tools/bin/../lib/gcc/arm-none-eabi/8.2.1/thumb/v6-m/nofp/libcr_eabihelpers.a(double.o)
                0x000000000000598c                __aeabi_dsub
 .text.__aeabi_dadd
                0x0000000000005b50      0x12c /Applications/MCUXpressoIDE_11.0.1_2563/ide/plugins/com.nxp.mcuxpresso.tools.macosx_11.0.1.201907311258/tools/bin/../lib/gcc/arm-none-eabi/8.2.1/thumb/v6-m/nofp/libcr_eabihelpers.a(double.o)
                0x0000000000005b50                __aeabi_dadd
 .text.__aeabi_d2iz
                0x0000000000005c7c       0x4c /Applications/MCUXpressoIDE_11.0.1_2563/ide/plugins/com.nxp.mcuxpresso.tools.macosx_11.0.1.201907311258/tools/bin/../lib/gcc/arm-none-eabi/8.2.1/thumb/v6-m/nofp/libcr_eabihelpers.a(double.o)
                0x0000000000005c7c                __aeabi_d2iz
 .text.__bhs_ui2d
                0x0000000000005cc8       0x5e /Applications/MCUXpressoIDE_11.0.1_2563/ide/plugins/com.nxp.mcuxpresso.tools.macosx_11.0.1.201907311258/tools/bin/../lib/gcc/arm-none-eabi/8.2.1/thumb/v6-m/nofp/libcr_eabihelpers.a(double.o)
                0x0000000000005cc8                __bhs_ui2d
 .text.__aeabi_i2d
                0x0000000000005d26       0x18 /Applications/MCUXpressoIDE_11.0.1_2563/ide/plugins/com.nxp.mcuxpresso.tools.macosx_11.0.1.201907311258/tools/bin/../lib/gcc/arm-none-eabi/8.2.1/thumb/v6-m/nofp/libcr_eabihelpers.a(double.o)
                0x0000000000005d26                __aeabi_i2d
 *fill*         0x0000000000005d3e        0x2 ff
 .text.__aeabi_dcmpeq
                0x0000000000005d40       0x30 /Applications/MCUXpressoIDE_11.0.1_2563/ide/plugins/com.nxp.mcuxpresso.tools.macosx_11.0.1.201907311258/tools/bin/../lib/gcc/arm-none-eabi/8.2.1/thumb/v6-m/nofp/libcr_eabihelpers.a(double.o)
                0x0000000000005d40                __aeabi_dcmpeq
 .text.__aeabi_dcmplt
                0x0000000000005d70       0x60 /Applications/MCUXpressoIDE_11.0.1_2563/ide/plugins/com.nxp.mcuxpresso.tools.macosx_11.0.1.201907311258/tools/bin/../lib/gcc/arm-none-eabi/8.2.1/thumb/v6-m/nofp/libcr_eabihelpers.a(double.o)
                0x0000000000005d70                __aeabi_dcmplt
 .text.__aeabi_dcmple
                0x0000000000005dd0       0x58 /Applications/MCUXpressoIDE_11.0.1_2563/ide/plugins/com.nxp.mcuxpresso.tools.macosx_11.0.1.201907311258/tools/bin/../lib/gcc/arm-none-eabi/8.2.1/thumb/v6-m/nofp/libcr_eabihelpers.a(double.o)
                0x0000000000005dd0                __aeabi_dcmple
 .text.__aeabi_dcmpge
                0x0000000000005e28       0x60 /Applications/MCUXpressoIDE_11.0.1_2563/ide/plugins/com.nxp.mcuxpresso.tools.macosx_11.0.1.201907311258/tools/bin/../lib/gcc/arm-none-eabi/8.2.1/thumb/v6-m/nofp/libcr_eabihelpers.a(double.o)
                0x0000000000005e28                __aeabi_dcmpge
 .text.__aeabi_llong_lmul
                0x0000000000005e88       0x2e /Applications/MCUXpressoIDE_11.0.1_2563/ide/plugins/com.nxp.mcuxpresso.tools.macosx_11.0.1.201907311258/tools/bin/../lib/gcc/arm-none-eabi/8.2.1/thumb/v6-m/nofp/libcr_eabihelpers.a(llong.o)
                0x0000000000005e88                __aeabi_lmul
 .text.__aeabi_memset_lowlevel
                0x0000000000005eb6       0x2a /Applications/MCUXpressoIDE_11.0.1_2563/ide/plugins/com.nxp.mcuxpresso.tools.macosx_11.0.1.201907311258/tools/bin/../lib/gcc/arm-none-eabi/8.2.1/thumb/v6-m/nofp/libcr_eabihelpers.a(memcpy.o)
                0x0000000000005eb6                __aeabi_lowlevel_memset
 .text.__sys_appexit
                0x0000000000005ee0        0xc /Applications/MCUXpressoIDE_11.0.1_2563/ide/plugins/com.nxp.mcuxpresso.tools.macosx_11.0.1.201907311258/tools/bin/../lib/gcc/arm-none-eabi/8.2.1/../../../../arm-none-eabi/lib/thumb/v6-m/nofp/libcr_semihost_nf.a(__sys_appexit.o)
                0x0000000000005ee0                __exit
                0x0000000000005ee0                __sys_appexit
 .text.__sys_flen
                0x0000000000005eec        0xc /Applications/MCUXpressoIDE_11.0.1_2563/ide/plugins/com.nxp.mcuxpresso.tools.macosx_11.0.1.201907311258/tools/bin/../lib/gcc/arm-none-eabi/8.2.1/../../../../arm-none-eabi/lib/thumb/v6-m/nofp/libcr_semihost_nf.a(__sys_flen.o)
                0x0000000000005eec                __sys_flen
 .text.__sys_istty
                0x0000000000005ef8        0xc /Applications/MCUXpressoIDE_11.0.1_2563/ide/plugins/com.nxp.mcuxpresso.tools.macosx_11.0.1.201907311258/tools/bin/../lib/gcc/arm-none-eabi/8.2.1/../../../../arm-none-eabi/lib/thumb/v6-m/nofp/libcr_semihost_nf.a(__sys_istty.o)
                0x0000000000005ef8                __sys_istty
 .text.__sys_seek
                0x0000000000005f04        0xc /Applications/MCUXpressoIDE_11.0.1_2563/ide/plugins/com.nxp.mcuxpresso.tools.macosx_11.0.1.201907311258/tools/bin/../lib/gcc/arm-none-eabi/8.2.1/../../../../arm-none-eabi/lib/thumb/v6-m/nofp/libcr_semihost_nf.a(__sys_seek.o)
                0x0000000000005f04                __sys_seek
 .text.__sys_write
                0x0000000000005f10        0xc /Applications/MCUXpressoIDE_11.0.1_2563/ide/plugins/com.nxp.mcuxpresso.tools.macosx_11.0.1.201907311258/tools/bin/../lib/gcc/arm-none-eabi/8.2.1/../../../../arm-none-eabi/lib/thumb/v6-m/nofp/libcr_semihost_nf.a(__sys_write.o)
                0x0000000000005f10                __sys_write
 *(.rodata .rodata.* .constdata .constdata.*)
 .rodata        0x0000000000005f1c       0x5f ./debug_frdm/setLed_frdm.o
 *fill*         0x0000000000005f7b        0x1 ff
 .rodata        0x0000000000005f7c       0x81 ./debug_frdm/Touch_Sensor.o
 *fill*         0x0000000000005ffd        0x3 ff
 .rodata.__func__.5658
                0x0000000000006000       0x15 ./debug_frdm/Touch_Sensor.o
 *fill*         0x0000000000006015        0x3 ff
 .rodata.__func__.5511
                0x0000000000006018       0x1d ./debug_frdm/Touch_Sensor.o
 *fill*         0x0000000000006035        0x3 ff
 .rodata.mcgConfig_BOARD_BootClockRUN
                0x0000000000006038        0xa ./debug_frdm/board/clock_config.o
                0x0000000000006038                mcgConfig_BOARD_BootClockRUN
 *fill*         0x0000000000006042        0x2 ff
 .rodata.simConfig_BOARD_BootClockRUN
                0x0000000000006044        0x8 ./debug_frdm/board/clock_config.o
                0x0000000000006044                simConfig_BOARD_BootClockRUN
 .rodata.oscConfig_BOARD_BootClockRUN
                0x000000000000604c        0x8 ./debug_frdm/board/clock_config.o
                0x000000000000604c                oscConfig_BOARD_BootClockRUN
 .rodata        0x0000000000006054       0x43 ./debug_frdm/drivers/fsl_clock.o
 *fill*         0x0000000000006097        0x1 ff
 .rodata.CLOCK_GetFreq
                0x0000000000006098       0x38 ./debug_frdm/drivers/fsl_clock.o
 .rodata.__func__.5326
                0x00000000000060d0       0x17 ./debug_frdm/drivers/fsl_clock.o
 *fill*         0x00000000000060e7        0x1 ff
 .rodata.__func__.5359
                0x00000000000060e8       0x17 ./debug_frdm/drivers/fsl_clock.o
 *fill*         0x00000000000060ff        0x1 ff
 .rodata.__func__.5367
                0x0000000000006100       0x16 ./debug_frdm/drivers/fsl_clock.o
 *fill*         0x0000000000006116        0x2 ff
 .rodata.fllFactorTable.5432
                0x0000000000006118       0x10 ./debug_frdm/drivers/fsl_clock.o
 .rodata.__func__.5447
                0x0000000000006128       0x12 ./debug_frdm/drivers/fsl_clock.o
 *fill*         0x000000000000613a        0x2 ff
 .rodata.__func__.5487
                0x000000000000613c       0x11 ./debug_frdm/drivers/fsl_clock.o
 *fill*         0x000000000000614d        0x3 ff
 .rodata.__func__.5624
                0x0000000000006150       0x11 ./debug_frdm/drivers/fsl_clock.o
 *fill*         0x0000000000006161        0x3 ff
 .rodata.__func__.5691
                0x0000000000006164       0x14 ./debug_frdm/drivers/fsl_clock.o
 .rodata        0x0000000000006178       0x3e ./debug_frdm/drivers/fsl_common.o
 *fill*         0x00000000000061b6        0x2 ff
 .rodata        0x00000000000061b8       0xae ./debug_frdm/drivers/fsl_lpsci.o
 *fill*         0x0000000000006266        0x2 ff
 .rodata.__func__.5507
                0x0000000000006268       0x12 ./debug_frdm/drivers/fsl_lpsci.o
 *fill*         0x000000000000627a        0x2 ff
 .rodata.__func__.5543
                0x000000000000627c        0xb ./debug_frdm/drivers/fsl_lpsci.o
 *fill*         0x0000000000006287        0x1 ff
 .rodata.__func__.5564
                0x0000000000006288       0x17 ./debug_frdm/drivers/fsl_lpsci.o
 *fill*         0x000000000000629f        0x1 ff
 .rodata.__func__.5609
                0x00000000000062a0       0x14 ./debug_frdm/drivers/fsl_lpsci.o
 .rodata.__func__.5621
                0x00000000000062b4       0x13 ./debug_frdm/drivers/fsl_lpsci.o
 *fill*         0x00000000000062c7        0x1 ff
 .rodata        0x00000000000062c8       0x3f ./debug_frdm/drivers/fsl_lptmr.o
 *fill*         0x0000000000006307        0x1 ff
 .rodata.__func__.5399
                0x0000000000006308       0x12 ./debug_frdm/drivers/fsl_lptmr.o
 *fill*         0x000000000000631a        0x2 ff
 .rodata.__func__.5404
                0x000000000000631c        0xb ./debug_frdm/drivers/fsl_lptmr.o
 *fill*         0x0000000000006327        0x1 ff
 .rodata.__func__.5413
                0x0000000000006328       0x17 ./debug_frdm/drivers/fsl_lptmr.o
 *fill*         0x000000000000633f        0x1 ff
 .rodata        0x0000000000006340       0xac ./debug_frdm/drivers/fsl_tsi_v4.o
 .rodata.__func__.5511
                0x00000000000063ec        0x9 ./debug_frdm/drivers/fsl_tsi_v4.o
 *fill*         0x00000000000063f5        0x3 ff
 .rodata.__func__.5479
                0x00000000000063f8       0x15 ./debug_frdm/drivers/fsl_tsi_v4.o
 *fill*         0x000000000000640d        0x3 ff
 .rodata.__func__.5474
                0x0000000000006410       0x14 ./debug_frdm/drivers/fsl_tsi_v4.o
 .rodata.__func__.5527
                0x0000000000006424        0xe ./debug_frdm/drivers/fsl_tsi_v4.o
 *fill*         0x0000000000006432        0x2 ff
 .rodata.__func__.5459
                0x0000000000006434       0x1d ./debug_frdm/drivers/fsl_tsi_v4.o
 *fill*         0x0000000000006451        0x3 ff
 .rodata.s_uartBases
                0x0000000000006454        0xc ./debug_frdm/drivers/fsl_uart.o
 .rodata.s_uartClock
                0x0000000000006460        0xc ./debug_frdm/drivers/fsl_uart.o
 .rodata        0x000000000000646c       0xa6 ./debug_frdm/drivers/fsl_uart.o
 *fill*         0x0000000000006512        0x2 ff
 .rodata.__func__.5510
                0x0000000000006514       0x11 ./debug_frdm/drivers/fsl_uart.o
 *fill*         0x0000000000006525        0x3 ff
 .rodata.__func__.5526
                0x0000000000006528        0xa ./debug_frdm/drivers/fsl_uart.o
 *fill*         0x0000000000006532        0x2 ff
 .rodata.__func__.5539
                0x0000000000006534       0x16 ./debug_frdm/drivers/fsl_uart.o
 *fill*         0x000000000000654a        0x2 ff
 .rodata.__func__.5597
                0x000000000000654c       0x12 ./debug_frdm/drivers/fsl_uart.o
 *fill*         0x000000000000655e        0x2 ff
 .rodata        0x0000000000006560       0x20 ./debug_frdm/printTimeStamp.o
 .rodata.fp_display.str1.1
                0x0000000000006580       0x34 /Applications/MCUXpressoIDE_11.0.1_2563/ide/plugins/com.nxp.mcuxpresso.tools.macosx_11.0.1.201907311258/tools/bin/../lib/gcc/arm-none-eabi/8.2.1/../../../../arm-none-eabi/lib/thumb/v6-m/nofp/libcr_c.a(fpprintf.o)
                                         0x35 (size before relaxing)
 .rodata.abbrmonth
                0x00000000000065b4       0x30 /Applications/MCUXpressoIDE_11.0.1_2563/ide/plugins/com.nxp.mcuxpresso.tools.macosx_11.0.1.201907311258/tools/bin/../lib/gcc/arm-none-eabi/8.2.1/../../../../arm-none-eabi/lib/thumb/v6-m/nofp/libcr_c.a(locale.o)
 .rodata.abbrweek
                0x00000000000065e4       0x1c /Applications/MCUXpressoIDE_11.0.1_2563/ide/plugins/com.nxp.mcuxpresso.tools.macosx_11.0.1.201907311258/tools/bin/../lib/gcc/arm-none-eabi/8.2.1/../../../../arm-none-eabi/lib/thumb/v6-m/nofp/libcr_c.a(locale.o)
 .rodata.fullmonth
                0x0000000000006600       0x30 /Applications/MCUXpressoIDE_11.0.1_2563/ide/plugins/com.nxp.mcuxpresso.tools.macosx_11.0.1.201907311258/tools/bin/../lib/gcc/arm-none-eabi/8.2.1/../../../../arm-none-eabi/lib/thumb/v6-m/nofp/libcr_c.a(locale.o)
 .rodata.fullweek
                0x0000000000006630       0x1c /Applications/MCUXpressoIDE_11.0.1_2563/ide/plugins/com.nxp.mcuxpresso.tools.macosx_11.0.1.201907311258/tools/bin/../lib/gcc/arm-none-eabi/8.2.1/../../../../arm-none-eabi/lib/thumb/v6-m/nofp/libcr_c.a(locale.o)
 .rodata.str1.1
                0x000000000000664c       0xd9 /Applications/MCUXpressoIDE_11.0.1_2563/ide/plugins/com.nxp.mcuxpresso.tools.macosx_11.0.1.201907311258/tools/bin/../lib/gcc/arm-none-eabi/8.2.1/../../../../arm-none-eabi/lib/thumb/v6-m/nofp/libcr_c.a(locale.o)
                                         0xda (size before relaxing)
 .rodata.strftime.str1.1
                0x0000000000006725       0x42 /Applications/MCUXpressoIDE_11.0.1_2563/ide/plugins/com.nxp.mcuxpresso.tools.macosx_11.0.1.201907311258/tools/bin/../lib/gcc/arm-none-eabi/8.2.1/../../../../arm-none-eabi/lib/thumb/v6-m/nofp/libcr_c.a(locale.o)
                                         0x54 (size before relaxing)
 .rodata.__vfprintf.str1.1
                0x0000000000006767       0x31 /Applications/MCUXpressoIDE_11.0.1_2563/ide/plugins/com.nxp.mcuxpresso.tools.macosx_11.0.1.201907311258/tools/bin/../lib/gcc/arm-none-eabi/8.2.1/../../../../arm-none-eabi/lib/thumb/v6-m/nofp/libcr_c.a(printf.o)
                                         0x38 (size before relaxing)
 .rodata.monlen
                0x0000000000006798       0x34 /Applications/MCUXpressoIDE_11.0.1_2563/ide/plugins/com.nxp.mcuxpresso.tools.macosx_11.0.1.201907311258/tools/bin/../lib/gcc/arm-none-eabi/8.2.1/../../../../arm-none-eabi/lib/thumb/v6-m/nofp/libcr_c.a(time.o)
 .rodata._Csys_alloc.str1.1
                0x00000000000067cc       0x18 /Applications/MCUXpressoIDE_11.0.1_2563/ide/plugins/com.nxp.mcuxpresso.tools.macosx_11.0.1.201907311258/tools/bin/../lib/gcc/arm-none-eabi/8.2.1/../../../../arm-none-eabi/lib/thumb/v6-m/nofp/libcr_c.a(alloc.o)
                0x00000000000067e4                . = ALIGN (0x4)

.glue_7         0x00000000000067e4        0x0
 .glue_7        0x00000000000067e4        0x0 linker stubs

.glue_7t        0x00000000000067e4        0x0
 .glue_7t       0x00000000000067e4        0x0 linker stubs

.vfp11_veneer   0x00000000000067e4        0x0
 .vfp11_veneer  0x00000000000067e4        0x0 linker stubs

.v4_bx          0x00000000000067e4        0x0
 .v4_bx         0x00000000000067e4        0x0 linker stubs

.iplt           0x00000000000067e4        0x0
 .iplt          0x00000000000067e4        0x0 ./debug_frdm/main.o

.rel.dyn        0x00000000000067e4        0x0
 .rel.iplt      0x00000000000067e4        0x0 ./debug_frdm/main.o

.ARM.extab
 *(.ARM.extab* .gnu.linkonce.armextab.*)
                0x00000000000067e4                __exidx_start = .

.ARM.exidx
 *(.ARM.exidx* .gnu.linkonce.armexidx.*)
                0x00000000000067e4                __exidx_end = .
                0x00000000000067e4                _etext = .

.m_usb_data
 *(m_usb_bdt)

.mtb_buffer_default
 *(.mtb*)

.uninit_RESERVED
                0x000000001ffff000        0x0
 *(.bss.$RESERVED*)
                0x000000001ffff000                . = ALIGN (0x4)
                0x000000001ffff000                _end_uninit_RESERVED = .

.data           0x000000001ffff000       0x60 load address 0x00000000000067e4
 FILL mask 0xff
                0x000000001ffff000                _data = .
 *(vtable)
 *(.ramfunc*)
 *(.data*)
 .data.lookUpTable
                0x000000001ffff000       0x50 ./debug_frdm/main.o
                0x000000001ffff000                lookUpTable
 .data.SystemCoreClock
                0x000000001ffff050        0x4 ./debug_frdm/CMSIS/system_MKL25Z4.o
                0x000000001ffff050                SystemCoreClock
 .data.checkColor
                0x000000001ffff054        0x4 ./debug_frdm/Touch_Sensor.o
                0x000000001ffff054                checkColor
 .data.s_slowIrcFreq
                0x000000001ffff058        0x4 ./debug_frdm/drivers/fsl_clock.o
 .data.s_fastIrcFreq
                0x000000001ffff05c        0x4 ./debug_frdm/drivers/fsl_clock.o
                0x000000001ffff060                . = ALIGN (0x4)
                0x000000001ffff060                _edata = .

.igot.plt       0x000000001ffff060        0x0 load address 0x0000000000006844
 .igot.plt      0x000000001ffff060        0x0 ./debug_frdm/main.o

.bss            0x000000001ffff060      0x1d8 load address 0x0000000000006844
                0x000000001ffff060                _bss = .
 *(.bss*)
 .bss.LUTindex  0x000000001ffff060        0x4 ./debug_frdm/main.o
                0x000000001ffff060                LUTindex
 .bss.ledIndex  0x000000001ffff064        0x4 ./debug_frdm/main.o
                0x000000001ffff064                ledIndex
 .bss.i         0x000000001ffff068        0x4 ./debug_frdm/main.o
 .bss.s_lpsciHandle
                0x000000001ffff06c        0x4 ./debug_frdm/drivers/fsl_lpsci.o
 .bss.s_lpsciIsr
                0x000000001ffff070        0x4 ./debug_frdm/drivers/fsl_lpsci.o
 .bss.s_uartHandle
                0x000000001ffff074        0xc ./debug_frdm/drivers/fsl_uart.o
 .bss.s_uartIsr
                0x000000001ffff080        0x4 ./debug_frdm/drivers/fsl_uart.o
 .bss.s_debugConsole
                0x000000001ffff084       0x10 ./debug_frdm/utilities/fsl_debug_console.o
 .bss.curMS     0x000000001ffff094        0x4 ./debug_frdm/printTimeStamp.o
                0x000000001ffff094                curMS
 .bss.prevMS    0x000000001ffff098        0x4 ./debug_frdm/printTimeStamp.o
                0x000000001ffff098                prevMS
 .bss._tms.4159
                0x000000001ffff09c       0x24 /Applications/MCUXpressoIDE_11.0.1_2563/ide/plugins/com.nxp.mcuxpresso.tools.macosx_11.0.1.201907311258/tools/bin/../lib/gcc/arm-none-eabi/8.2.1/../../../../arm-none-eabi/lib/thumb/v6-m/nofp/libcr_c.a(time.o)
 .bss.errno     0x000000001ffff0c0        0x4 /Applications/MCUXpressoIDE_11.0.1_2563/ide/plugins/com.nxp.mcuxpresso.tools.macosx_11.0.1.201907311258/tools/bin/../lib/gcc/arm-none-eabi/8.2.1/../../../../arm-none-eabi/lib/thumb/v6-m/nofp/libcr_c.a(errno.o)
                0x000000001ffff0c0                errno
 .bss.__end_of_heap
                0x000000001ffff0c4        0x4 /Applications/MCUXpressoIDE_11.0.1_2563/ide/plugins/com.nxp.mcuxpresso.tools.macosx_11.0.1.201907311258/tools/bin/../lib/gcc/arm-none-eabi/8.2.1/../../../../arm-none-eabi/lib/thumb/v6-m/nofp/libcr_c.a(__init_alloc.o)
                0x000000001ffff0c4                __end_of_heap
 .bss.__heaps   0x000000001ffff0c8        0x4 /Applications/MCUXpressoIDE_11.0.1_2563/ide/plugins/com.nxp.mcuxpresso.tools.macosx_11.0.1.201907311258/tools/bin/../lib/gcc/arm-none-eabi/8.2.1/../../../../arm-none-eabi/lib/thumb/v6-m/nofp/libcr_c.a(__init_alloc.o)
                0x000000001ffff0c8                __heaps
 .bss.__Ciob    0x000000001ffff0cc       0xb4 /Applications/MCUXpressoIDE_11.0.1_2563/ide/plugins/com.nxp.mcuxpresso.tools.macosx_11.0.1.201907311258/tools/bin/../lib/gcc/arm-none-eabi/8.2.1/../../../../arm-none-eabi/lib/thumb/v6-m/nofp/libcr_semihost_nf.a(__ciob.o)
                0x000000001ffff0cc                __Ciob
 *(COMMON)
 COMMON         0x000000001ffff180       0x30 ./debug_frdm/main.o
                0x000000001ffff180                checkTouchSlider
                0x000000001ffff184                buffer
                0x000000001ffff1a8                currentEpoch
 COMMON         0x000000001ffff1b0        0x8 ./debug_frdm/drivers/fsl_clock.o
                0x000000001ffff1b0                g_xtal32Freq
                0x000000001ffff1b4                g_xtal0Freq
 COMMON         0x000000001ffff1b8       0x80 ./debug_frdm/printTimeStamp.o
                0x000000001ffff1b8                now
                0x000000001ffff1c0                ts
                0x000000001ffff1e4                buf
                0x000000001ffff234                msTicks
                0x000000001ffff238                . = ALIGN (0x4)
                0x000000001ffff238                _ebss = .
                [!provide]                        PROVIDE (end = .)

.noinit         0x000000001ffff238        0x0 load address 0x0000000000006844
                0x000000001ffff238                _noinit = .
 *(.noinit*)
                0x000000001ffff238                . = ALIGN (0x4)
                0x000000001ffff238                _end_noinit = .

.heap           0x000000001ffff238      0x400 load address 0x0000000000006844
                0x000000001ffff238                _pvHeapStart = .
                0x000000001ffff638                . = (. + 0x400)
 *fill*         0x000000001ffff238      0x400 
                0x000000001ffff638                . = ALIGN (0x4)
                0x000000001ffff638                _pvHeapLimit = .

.heap2stackfill
                0x000000001ffff638      0x400 load address 0x0000000000006844
                0x000000001ffffa38                . = (. + 0x400)
 *fill*         0x000000001ffff638      0x400 

.stack          0x0000000020002c00        0x0
                0x0000000020002c00                _vStackBase = .
                0x0000000020002c00                . = ALIGN (0x4)
                0x0000000020003000                _vStackTop = (. + 0x400)
OUTPUT(./debug_frdm/outputFRDM.axf elf32-littlearm)

.debug_info     0x0000000000000000    0x13bcc
 .debug_info    0x0000000000000000     0x109d ./debug_frdm/main.o
 .debug_info    0x000000000000109d      0x4f5 ./debug_frdm/CMSIS/startup_MKL25Z4.o
 .debug_info    0x0000000000001592      0x421 ./debug_frdm/CMSIS/system_MKL25Z4.o
 .debug_info    0x00000000000019b3      0xd72 ./debug_frdm/setLed_frdm.o
 .debug_info    0x0000000000002725     0x1908 ./debug_frdm/Touch_Sensor.o
 .debug_info    0x000000000000402d      0xf78 ./debug_frdm/board/board.o
 .debug_info    0x0000000000004fa5     0x13ca ./debug_frdm/board/clock_config.o
 .debug_info    0x000000000000636f       0x38 ./debug_frdm/board/peripherals.o
 .debug_info    0x00000000000063a7      0xe21 ./debug_frdm/board/pin_mux.o
 .debug_info    0x00000000000071c8     0x2409 ./debug_frdm/drivers/fsl_clock.o
 .debug_info    0x00000000000095d1      0xce0 ./debug_frdm/drivers/fsl_common.o
 .debug_info    0x000000000000a2b1     0x1f25 ./debug_frdm/drivers/fsl_lpsci.o
 .debug_info    0x000000000000c1d6      0xff1 ./debug_frdm/drivers/fsl_lptmr.o
 .debug_info    0x000000000000d1c7     0x14ce ./debug_frdm/drivers/fsl_tsi_v4.o
 .debug_info    0x000000000000e695     0x1ea2 ./debug_frdm/drivers/fsl_uart.o
 .debug_info    0x0000000000010537     0x17de ./debug_frdm/utilities/fsl_debug_console.o
 .debug_info    0x0000000000011d15      0xa92 ./debug_frdm/printTimeStamp.o
 .debug_info    0x00000000000127a7     0x1425 ./debug_frdm/rtcInit.o

.debug_abbrev   0x0000000000000000     0x30c3
 .debug_abbrev  0x0000000000000000      0x2f1 ./debug_frdm/main.o
 .debug_abbrev  0x00000000000002f1      0x17b ./debug_frdm/CMSIS/startup_MKL25Z4.o
 .debug_abbrev  0x000000000000046c      0x12b ./debug_frdm/CMSIS/system_MKL25Z4.o
 .debug_abbrev  0x0000000000000597      0x25b ./debug_frdm/setLed_frdm.o
 .debug_abbrev  0x00000000000007f2      0x343 ./debug_frdm/Touch_Sensor.o
 .debug_abbrev  0x0000000000000b35      0x259 ./debug_frdm/board/board.o
 .debug_abbrev  0x0000000000000d8e      0x31d ./debug_frdm/board/clock_config.o
 .debug_abbrev  0x00000000000010ab       0x2e ./debug_frdm/board/peripherals.o
 .debug_abbrev  0x00000000000010d9      0x2a0 ./debug_frdm/board/pin_mux.o
 .debug_abbrev  0x0000000000001379      0x436 ./debug_frdm/drivers/fsl_clock.o
 .debug_abbrev  0x00000000000017af      0x379 ./debug_frdm/drivers/fsl_common.o
 .debug_abbrev  0x0000000000001b28      0x3c2 ./debug_frdm/drivers/fsl_lpsci.o
 .debug_abbrev  0x0000000000001eea      0x2c4 ./debug_frdm/drivers/fsl_lptmr.o
 .debug_abbrev  0x00000000000021ae      0x2fa ./debug_frdm/drivers/fsl_tsi_v4.o
 .debug_abbrev  0x00000000000024a8      0x3dc ./debug_frdm/drivers/fsl_uart.o
 .debug_abbrev  0x0000000000002884      0x389 ./debug_frdm/utilities/fsl_debug_console.o
 .debug_abbrev  0x0000000000002c0d      0x20d ./debug_frdm/printTimeStamp.o
 .debug_abbrev  0x0000000000002e1a      0x2a9 ./debug_frdm/rtcInit.o

.debug_aranges  0x0000000000000000      0x9d0
 .debug_aranges
                0x0000000000000000       0x50 ./debug_frdm/main.o
 .debug_aranges
                0x0000000000000050      0x160 ./debug_frdm/CMSIS/startup_MKL25Z4.o
 .debug_aranges
                0x00000000000001b0       0x28 ./debug_frdm/CMSIS/system_MKL25Z4.o
 .debug_aranges
                0x00000000000001d8       0x30 ./debug_frdm/setLed_frdm.o
 .debug_aranges
                0x0000000000000208       0x68 ./debug_frdm/Touch_Sensor.o
 .debug_aranges
                0x0000000000000270       0x28 ./debug_frdm/board/board.o
 .debug_aranges
                0x0000000000000298       0x68 ./debug_frdm/board/clock_config.o
 .debug_aranges
                0x0000000000000300       0x20 ./debug_frdm/board/peripherals.o
 .debug_aranges
                0x0000000000000320       0x38 ./debug_frdm/board/pin_mux.o
 .debug_aranges
                0x0000000000000358      0x1d8 ./debug_frdm/drivers/fsl_clock.o
 .debug_aranges
                0x0000000000000530       0x38 ./debug_frdm/drivers/fsl_common.o
 .debug_aranges
                0x0000000000000568      0x118 ./debug_frdm/drivers/fsl_lpsci.o
 .debug_aranges
                0x0000000000000680       0x48 ./debug_frdm/drivers/fsl_lptmr.o
 .debug_aranges
                0x00000000000006c8       0xe0 ./debug_frdm/drivers/fsl_tsi_v4.o
 .debug_aranges
                0x00000000000007a8      0x130 ./debug_frdm/drivers/fsl_uart.o
 .debug_aranges
                0x00000000000008d8       0xa0 ./debug_frdm/utilities/fsl_debug_console.o
 .debug_aranges
                0x0000000000000978       0x20 ./debug_frdm/printTimeStamp.o
 .debug_aranges
                0x0000000000000998       0x38 ./debug_frdm/rtcInit.o

.debug_ranges   0x0000000000000000      0x8b0
 .debug_ranges  0x0000000000000000       0x40 ./debug_frdm/main.o
 .debug_ranges  0x0000000000000040      0x150 ./debug_frdm/CMSIS/startup_MKL25Z4.o
 .debug_ranges  0x0000000000000190       0x18 ./debug_frdm/CMSIS/system_MKL25Z4.o
 .debug_ranges  0x00000000000001a8       0x20 ./debug_frdm/setLed_frdm.o
 .debug_ranges  0x00000000000001c8       0x58 ./debug_frdm/Touch_Sensor.o
 .debug_ranges  0x0000000000000220       0x18 ./debug_frdm/board/board.o
 .debug_ranges  0x0000000000000238       0x58 ./debug_frdm/board/clock_config.o
 .debug_ranges  0x0000000000000290       0x10 ./debug_frdm/board/peripherals.o
 .debug_ranges  0x00000000000002a0       0x28 ./debug_frdm/board/pin_mux.o
 .debug_ranges  0x00000000000002c8      0x1c8 ./debug_frdm/drivers/fsl_clock.o
 .debug_ranges  0x0000000000000490       0x28 ./debug_frdm/drivers/fsl_common.o
 .debug_ranges  0x00000000000004b8      0x108 ./debug_frdm/drivers/fsl_lpsci.o
 .debug_ranges  0x00000000000005c0       0x38 ./debug_frdm/drivers/fsl_lptmr.o
 .debug_ranges  0x00000000000005f8       0xd0 ./debug_frdm/drivers/fsl_tsi_v4.o
 .debug_ranges  0x00000000000006c8      0x120 ./debug_frdm/drivers/fsl_uart.o
 .debug_ranges  0x00000000000007e8       0x90 ./debug_frdm/utilities/fsl_debug_console.o
 .debug_ranges  0x0000000000000878       0x10 ./debug_frdm/printTimeStamp.o
 .debug_ranges  0x0000000000000888       0x28 ./debug_frdm/rtcInit.o

.debug_line     0x0000000000000000     0x6ec0
 .debug_line    0x0000000000000000      0x616 ./debug_frdm/main.o
 .debug_line    0x0000000000000616      0x244 ./debug_frdm/CMSIS/startup_MKL25Z4.o
 .debug_line    0x000000000000085a      0x2cd ./debug_frdm/CMSIS/system_MKL25Z4.o
 .debug_line    0x0000000000000b27      0x397 ./debug_frdm/setLed_frdm.o
 .debug_line    0x0000000000000ebe      0x537 ./debug_frdm/Touch_Sensor.o
 .debug_line    0x00000000000013f5      0x2c1 ./debug_frdm/board/board.o
 .debug_line    0x00000000000016b6      0x3e1 ./debug_frdm/board/clock_config.o
 .debug_line    0x0000000000001a97       0x48 ./debug_frdm/board/peripherals.o
 .debug_line    0x0000000000001adf      0x30f ./debug_frdm/board/pin_mux.o
 .debug_line    0x0000000000001dee     0x12e5 ./debug_frdm/drivers/fsl_clock.o
 .debug_line    0x00000000000030d3      0x402 ./debug_frdm/drivers/fsl_common.o
 .debug_line    0x00000000000034d5      0xd69 ./debug_frdm/drivers/fsl_lpsci.o
 .debug_line    0x000000000000423e      0x3b4 ./debug_frdm/drivers/fsl_lptmr.o
 .debug_line    0x00000000000045f2      0x70c ./debug_frdm/drivers/fsl_tsi_v4.o
 .debug_line    0x0000000000004cfe      0xd57 ./debug_frdm/drivers/fsl_uart.o
 .debug_line    0x0000000000005a55      0xd1f ./debug_frdm/utilities/fsl_debug_console.o
 .debug_line    0x0000000000006774      0x32a ./debug_frdm/printTimeStamp.o
 .debug_line    0x0000000000006a9e      0x422 ./debug_frdm/rtcInit.o

.debug_str      0x0000000000000000     0x53f0
 .debug_str     0x0000000000000000      0xe97 ./debug_frdm/main.o
                                        0xf36 (size before relaxing)
 .debug_str     0x0000000000000e97      0x37f ./debug_frdm/CMSIS/startup_MKL25Z4.o
                                        0x4ab (size before relaxing)
 .debug_str     0x0000000000001216      0x137 ./debug_frdm/CMSIS/system_MKL25Z4.o
                                        0x30e (size before relaxing)
 .debug_str     0x000000000000134d       0x38 ./debug_frdm/setLed_frdm.o
                                        0x99f (size before relaxing)
 .debug_str     0x0000000000001385     0x1388 ./debug_frdm/Touch_Sensor.o
                                       0x21de (size before relaxing)
 .debug_str     0x000000000000270d       0x54 ./debug_frdm/board/board.o
                                        0xa4c (size before relaxing)
 .debug_str     0x0000000000002761      0x2eb ./debug_frdm/board/clock_config.o
                                       0x11b3 (size before relaxing)
 .debug_str     0x0000000000002a4c       0x2e ./debug_frdm/board/peripherals.o
                                        0x137 (size before relaxing)
 .debug_str     0x0000000000002a7a      0x2f6 ./debug_frdm/board/pin_mux.o
                                        0x993 (size before relaxing)
 .debug_str     0x0000000000002d70      0xa52 ./debug_frdm/drivers/fsl_clock.o
                                       0x1bc1 (size before relaxing)
 .debug_str     0x00000000000037c2      0x144 ./debug_frdm/drivers/fsl_common.o
                                        0x8c5 (size before relaxing)
 .debug_str     0x0000000000003906      0xa74 ./debug_frdm/drivers/fsl_lpsci.o
                                       0x1989 (size before relaxing)
 .debug_str     0x000000000000437a       0x70 ./debug_frdm/drivers/fsl_lptmr.o
                                       0x1096 (size before relaxing)
 .debug_str     0x00000000000043ea      0x235 ./debug_frdm/drivers/fsl_tsi_v4.o
                                       0x1584 (size before relaxing)
 .debug_str     0x000000000000461f      0x8e3 ./debug_frdm/drivers/fsl_uart.o
                                       0x1995 (size before relaxing)
 .debug_str     0x0000000000004f02      0x448 ./debug_frdm/utilities/fsl_debug_console.o
                                       0x1192 (size before relaxing)
 .debug_str     0x000000000000534a       0x3b ./debug_frdm/printTimeStamp.o
                                        0x64b (size before relaxing)
 .debug_str     0x0000000000005385       0x6b ./debug_frdm/rtcInit.o
                                        0xd02 (size before relaxing)

.comment        0x0000000000000000       0x75
 .comment       0x0000000000000000       0x75 ./debug_frdm/main.o
                                         0x76 (size before relaxing)
 .comment       0x0000000000000075       0x76 ./debug_frdm/CMSIS/startup_MKL25Z4.o
 .comment       0x0000000000000075       0x76 ./debug_frdm/CMSIS/system_MKL25Z4.o
 .comment       0x0000000000000075       0x76 ./debug_frdm/setLed_frdm.o
 .comment       0x0000000000000075       0x76 ./debug_frdm/Touch_Sensor.o
 .comment       0x0000000000000075       0x76 ./debug_frdm/board/board.o
 .comment       0x0000000000000075       0x76 ./debug_frdm/board/clock_config.o
 .comment       0x0000000000000075       0x76 ./debug_frdm/board/peripherals.o
 .comment       0x0000000000000075       0x76 ./debug_frdm/board/pin_mux.o
 .comment       0x0000000000000075       0x76 ./debug_frdm/drivers/fsl_clock.o
 .comment       0x0000000000000075       0x76 ./debug_frdm/drivers/fsl_common.o
 .comment       0x0000000000000075       0x76 ./debug_frdm/drivers/fsl_lpsci.o
 .comment       0x0000000000000075       0x76 ./debug_frdm/drivers/fsl_lptmr.o
 .comment       0x0000000000000075       0x76 ./debug_frdm/drivers/fsl_tsi_v4.o
 .comment       0x0000000000000075       0x76 ./debug_frdm/drivers/fsl_uart.o
 .comment       0x0000000000000075       0x76 ./debug_frdm/utilities/fsl_debug_console.o
 .comment       0x0000000000000075       0x76 ./debug_frdm/printTimeStamp.o
 .comment       0x0000000000000075       0x76 ./debug_frdm/rtcInit.o
 .comment       0x0000000000000075       0x76 /Applications/MCUXpressoIDE_11.0.1_2563/ide/plugins/com.nxp.mcuxpresso.tools.macosx_11.0.1.201907311258/tools/bin/../lib/gcc/arm-none-eabi/8.2.1/../../../../arm-none-eabi/lib/thumb/v6-m/nofp/libcr_c.a(memset.o)
 .comment       0x0000000000000075       0x76 /Applications/MCUXpressoIDE_11.0.1_2563/ide/plugins/com.nxp.mcuxpresso.tools.macosx_11.0.1.201907311258/tools/bin/../lib/gcc/arm-none-eabi/8.2.1/../../../../arm-none-eabi/lib/thumb/v6-m/nofp/libcr_c.a(fpprintf.o)
 .comment       0x0000000000000075       0x76 /Applications/MCUXpressoIDE_11.0.1_2563/ide/plugins/com.nxp.mcuxpresso.tools.macosx_11.0.1.201907311258/tools/bin/../lib/gcc/arm-none-eabi/8.2.1/../../../../arm-none-eabi/lib/thumb/v6-m/nofp/libcr_c.a(locale.o)
 .comment       0x0000000000000075       0x76 /Applications/MCUXpressoIDE_11.0.1_2563/ide/plugins/com.nxp.mcuxpresso.tools.macosx_11.0.1.201907311258/tools/bin/../lib/gcc/arm-none-eabi/8.2.1/../../../../arm-none-eabi/lib/thumb/v6-m/nofp/libcr_c.a(printf.o)
 .comment       0x0000000000000075       0x76 /Applications/MCUXpressoIDE_11.0.1_2563/ide/plugins/com.nxp.mcuxpresso.tools.macosx_11.0.1.201907311258/tools/bin/../lib/gcc/arm-none-eabi/8.2.1/../../../../arm-none-eabi/lib/thumb/v6-m/nofp/libcr_c.a(strlen.o)
 .comment       0x0000000000000075       0x76 /Applications/MCUXpressoIDE_11.0.1_2563/ide/plugins/com.nxp.mcuxpresso.tools.macosx_11.0.1.201907311258/tools/bin/../lib/gcc/arm-none-eabi/8.2.1/../../../../arm-none-eabi/lib/thumb/v6-m/nofp/libcr_c.a(time.o)
 .comment       0x0000000000000075       0x76 /Applications/MCUXpressoIDE_11.0.1_2563/ide/plugins/com.nxp.mcuxpresso.tools.macosx_11.0.1.201907311258/tools/bin/../lib/gcc/arm-none-eabi/8.2.1/../../../../arm-none-eabi/lib/thumb/v6-m/nofp/libcr_c.a(_deferredlazyseek.o)
 .comment       0x0000000000000075       0x76 /Applications/MCUXpressoIDE_11.0.1_2563/ide/plugins/com.nxp.mcuxpresso.tools.macosx_11.0.1.201907311258/tools/bin/../lib/gcc/arm-none-eabi/8.2.1/../../../../arm-none-eabi/lib/thumb/v6-m/nofp/libcr_c.a(_fflush.o)
 .comment       0x0000000000000075       0x76 /Applications/MCUXpressoIDE_11.0.1_2563/ide/plugins/com.nxp.mcuxpresso.tools.macosx_11.0.1.201907311258/tools/bin/../lib/gcc/arm-none-eabi/8.2.1/../../../../arm-none-eabi/lib/thumb/v6-m/nofp/libcr_c.a(_frexpl.o)
 .comment       0x0000000000000075       0x76 /Applications/MCUXpressoIDE_11.0.1_2563/ide/plugins/com.nxp.mcuxpresso.tools.macosx_11.0.1.201907311258/tools/bin/../lib/gcc/arm-none-eabi/8.2.1/../../../../arm-none-eabi/lib/thumb/v6-m/nofp/libcr_c.a(_ldexpl.o)
 .comment       0x0000000000000075       0x76 /Applications/MCUXpressoIDE_11.0.1_2563/ide/plugins/com.nxp.mcuxpresso.tools.macosx_11.0.1.201907311258/tools/bin/../lib/gcc/arm-none-eabi/8.2.1/../../../../arm-none-eabi/lib/thumb/v6-m/nofp/libcr_c.a(_writebuf.o)
 .comment       0x0000000000000075       0x76 /Applications/MCUXpressoIDE_11.0.1_2563/ide/plugins/com.nxp.mcuxpresso.tools.macosx_11.0.1.201907311258/tools/bin/../lib/gcc/arm-none-eabi/8.2.1/../../../../arm-none-eabi/lib/thumb/v6-m/nofp/libcr_c.a(alloc.o)
 .comment       0x0000000000000075       0x76 /Applications/MCUXpressoIDE_11.0.1_2563/ide/plugins/com.nxp.mcuxpresso.tools.macosx_11.0.1.201907311258/tools/bin/../lib/gcc/arm-none-eabi/8.2.1/../../../../arm-none-eabi/lib/thumb/v6-m/nofp/libcr_c.a(errno.o)
 .comment       0x0000000000000075       0x76 /Applications/MCUXpressoIDE_11.0.1_2563/ide/plugins/com.nxp.mcuxpresso.tools.macosx_11.0.1.201907311258/tools/bin/../lib/gcc/arm-none-eabi/8.2.1/../../../../arm-none-eabi/lib/thumb/v6-m/nofp/libcr_c.a(fseek.o)
 .comment       0x0000000000000075       0x76 /Applications/MCUXpressoIDE_11.0.1_2563/ide/plugins/com.nxp.mcuxpresso.tools.macosx_11.0.1.201907311258/tools/bin/../lib/gcc/arm-none-eabi/8.2.1/../../../../arm-none-eabi/lib/thumb/v6-m/nofp/libcr_c.a(ftell.o)
 .comment       0x0000000000000075       0x76 /Applications/MCUXpressoIDE_11.0.1_2563/ide/plugins/com.nxp.mcuxpresso.tools.macosx_11.0.1.201907311258/tools/bin/../lib/gcc/arm-none-eabi/8.2.1/../../../../arm-none-eabi/lib/thumb/v6-m/nofp/libcr_c.a(__init_alloc.o)
 .comment       0x0000000000000075       0x76 /Applications/MCUXpressoIDE_11.0.1_2563/ide/plugins/com.nxp.mcuxpresso.tools.macosx_11.0.1.201907311258/tools/bin/../lib/gcc/arm-none-eabi/8.2.1/../../../../arm-none-eabi/lib/thumb/v6-m/nofp/libcr_c.a(_cr_sbrk.o)
 .comment       0x0000000000000075       0x76 /Applications/MCUXpressoIDE_11.0.1_2563/ide/plugins/com.nxp.mcuxpresso.tools.macosx_11.0.1.201907311258/tools/bin/../lib/gcc/arm-none-eabi/8.2.1/../../../../arm-none-eabi/lib/thumb/v6-m/nofp/libcr_c.a(_cr_check_heap.o)
 .comment       0x0000000000000075       0x76 /Applications/MCUXpressoIDE_11.0.1_2563/ide/plugins/com.nxp.mcuxpresso.tools.macosx_11.0.1.201907311258/tools/bin/../lib/gcc/arm-none-eabi/8.2.1/thumb/v6-m/nofp/libcr_eabihelpers.a(double.o)
 .comment       0x0000000000000075       0x76 /Applications/MCUXpressoIDE_11.0.1_2563/ide/plugins/com.nxp.mcuxpresso.tools.macosx_11.0.1.201907311258/tools/bin/../lib/gcc/arm-none-eabi/8.2.1/../../../../arm-none-eabi/lib/thumb/v6-m/nofp/libcr_semihost_nf.a(__ciob.o)

.ARM.attributes
                0x0000000000000000       0x2a
 .ARM.attributes
                0x0000000000000000       0x2c ./debug_frdm/main.o
 .ARM.attributes
                0x000000000000002c       0x2c ./debug_frdm/CMSIS/startup_MKL25Z4.o
 .ARM.attributes
                0x0000000000000058       0x2c ./debug_frdm/CMSIS/system_MKL25Z4.o
 .ARM.attributes
                0x0000000000000084       0x2c ./debug_frdm/setLed_frdm.o
 .ARM.attributes
                0x00000000000000b0       0x2c ./debug_frdm/Touch_Sensor.o
 .ARM.attributes
                0x00000000000000dc       0x2c ./debug_frdm/board/board.o
 .ARM.attributes
                0x0000000000000108       0x2c ./debug_frdm/board/clock_config.o
 .ARM.attributes
                0x0000000000000134       0x2c ./debug_frdm/board/peripherals.o
 .ARM.attributes
                0x0000000000000160       0x2c ./debug_frdm/board/pin_mux.o
 .ARM.attributes
                0x000000000000018c       0x2c ./debug_frdm/drivers/fsl_clock.o
 .ARM.attributes
                0x00000000000001b8       0x2c ./debug_frdm/drivers/fsl_common.o
 .ARM.attributes
                0x00000000000001e4       0x2c ./debug_frdm/drivers/fsl_lpsci.o
 .ARM.attributes
                0x0000000000000210       0x2c ./debug_frdm/drivers/fsl_lptmr.o
 .ARM.attributes
                0x000000000000023c       0x2c ./debug_frdm/drivers/fsl_tsi_v4.o
 .ARM.attributes
                0x0000000000000268       0x2c ./debug_frdm/drivers/fsl_uart.o
 .ARM.attributes
                0x0000000000000294       0x2c ./debug_frdm/utilities/fsl_debug_console.o
 .ARM.attributes
                0x00000000000002c0       0x2c ./debug_frdm/printTimeStamp.o
 .ARM.attributes
                0x00000000000002ec       0x2c ./debug_frdm/rtcInit.o
 .ARM.attributes
                0x0000000000000318       0x2c /Applications/MCUXpressoIDE_11.0.1_2563/ide/plugins/com.nxp.mcuxpresso.tools.macosx_11.0.1.201907311258/tools/bin/../lib/gcc/arm-none-eabi/8.2.1/../../../../arm-none-eabi/lib/thumb/v6-m/nofp/libcr_c.a(memset.o)
 .ARM.attributes
                0x0000000000000344       0x2c /Applications/MCUXpressoIDE_11.0.1_2563/ide/plugins/com.nxp.mcuxpresso.tools.macosx_11.0.1.201907311258/tools/bin/../lib/gcc/arm-none-eabi/8.2.1/../../../../arm-none-eabi/lib/thumb/v6-m/nofp/libcr_c.a(fpprintf.o)
 .ARM.attributes
                0x0000000000000370       0x2c /Applications/MCUXpressoIDE_11.0.1_2563/ide/plugins/com.nxp.mcuxpresso.tools.macosx_11.0.1.201907311258/tools/bin/../lib/gcc/arm-none-eabi/8.2.1/../../../../arm-none-eabi/lib/thumb/v6-m/nofp/libcr_c.a(locale.o)
 .ARM.attributes
                0x000000000000039c       0x2c /Applications/MCUXpressoIDE_11.0.1_2563/ide/plugins/com.nxp.mcuxpresso.tools.macosx_11.0.1.201907311258/tools/bin/../lib/gcc/arm-none-eabi/8.2.1/../../../../arm-none-eabi/lib/thumb/v6-m/nofp/libcr_c.a(printf.o)
 .ARM.attributes
                0x00000000000003c8       0x2c /Applications/MCUXpressoIDE_11.0.1_2563/ide/plugins/com.nxp.mcuxpresso.tools.macosx_11.0.1.201907311258/tools/bin/../lib/gcc/arm-none-eabi/8.2.1/../../../../arm-none-eabi/lib/thumb/v6-m/nofp/libcr_c.a(strlen.o)
 .ARM.attributes
                0x00000000000003f4       0x2c /Applications/MCUXpressoIDE_11.0.1_2563/ide/plugins/com.nxp.mcuxpresso.tools.macosx_11.0.1.201907311258/tools/bin/../lib/gcc/arm-none-eabi/8.2.1/../../../../arm-none-eabi/lib/thumb/v6-m/nofp/libcr_c.a(time.o)
 .ARM.attributes
                0x0000000000000420       0x2c /Applications/MCUXpressoIDE_11.0.1_2563/ide/plugins/com.nxp.mcuxpresso.tools.macosx_11.0.1.201907311258/tools/bin/../lib/gcc/arm-none-eabi/8.2.1/../../../../arm-none-eabi/lib/thumb/v6-m/nofp/libcr_c.a(_deferredlazyseek.o)
 .ARM.attributes
                0x000000000000044c       0x2c /Applications/MCUXpressoIDE_11.0.1_2563/ide/plugins/com.nxp.mcuxpresso.tools.macosx_11.0.1.201907311258/tools/bin/../lib/gcc/arm-none-eabi/8.2.1/../../../../arm-none-eabi/lib/thumb/v6-m/nofp/libcr_c.a(_fflush.o)
 .ARM.attributes
                0x0000000000000478       0x2c /Applications/MCUXpressoIDE_11.0.1_2563/ide/plugins/com.nxp.mcuxpresso.tools.macosx_11.0.1.201907311258/tools/bin/../lib/gcc/arm-none-eabi/8.2.1/../../../../arm-none-eabi/lib/thumb/v6-m/nofp/libcr_c.a(_frexpl.o)
 .ARM.attributes
                0x00000000000004a4       0x2c /Applications/MCUXpressoIDE_11.0.1_2563/ide/plugins/com.nxp.mcuxpresso.tools.macosx_11.0.1.201907311258/tools/bin/../lib/gcc/arm-none-eabi/8.2.1/../../../../arm-none-eabi/lib/thumb/v6-m/nofp/libcr_c.a(_ldexpl.o)
 .ARM.attributes
                0x00000000000004d0       0x2c /Applications/MCUXpressoIDE_11.0.1_2563/ide/plugins/com.nxp.mcuxpresso.tools.macosx_11.0.1.201907311258/tools/bin/../lib/gcc/arm-none-eabi/8.2.1/../../../../arm-none-eabi/lib/thumb/v6-m/nofp/libcr_c.a(_writebuf.o)
 .ARM.attributes
                0x00000000000004fc       0x2c /Applications/MCUXpressoIDE_11.0.1_2563/ide/plugins/com.nxp.mcuxpresso.tools.macosx_11.0.1.201907311258/tools/bin/../lib/gcc/arm-none-eabi/8.2.1/../../../../arm-none-eabi/lib/thumb/v6-m/nofp/libcr_c.a(alloc.o)
 .ARM.attributes
                0x0000000000000528       0x31 /Applications/MCUXpressoIDE_11.0.1_2563/ide/plugins/com.nxp.mcuxpresso.tools.macosx_11.0.1.201907311258/tools/bin/../lib/gcc/arm-none-eabi/8.2.1/../../../../arm-none-eabi/lib/thumb/v6-m/nofp/libcr_c.a(errno.o)
 .ARM.attributes
                0x0000000000000559       0x2c /Applications/MCUXpressoIDE_11.0.1_2563/ide/plugins/com.nxp.mcuxpresso.tools.macosx_11.0.1.201907311258/tools/bin/../lib/gcc/arm-none-eabi/8.2.1/../../../../arm-none-eabi/lib/thumb/v6-m/nofp/libcr_c.a(fseek.o)
 .ARM.attributes
                0x0000000000000585       0x2c /Applications/MCUXpressoIDE_11.0.1_2563/ide/plugins/com.nxp.mcuxpresso.tools.macosx_11.0.1.201907311258/tools/bin/../lib/gcc/arm-none-eabi/8.2.1/../../../../arm-none-eabi/lib/thumb/v6-m/nofp/libcr_c.a(ftell.o)
 .ARM.attributes
                0x00000000000005b1       0x2c /Applications/MCUXpressoIDE_11.0.1_2563/ide/plugins/com.nxp.mcuxpresso.tools.macosx_11.0.1.201907311258/tools/bin/../lib/gcc/arm-none-eabi/8.2.1/../../../../arm-none-eabi/lib/thumb/v6-m/nofp/libcr_c.a(__init_alloc.o)
 .ARM.attributes
                0x00000000000005dd       0x2c /Applications/MCUXpressoIDE_11.0.1_2563/ide/plugins/com.nxp.mcuxpresso.tools.macosx_11.0.1.201907311258/tools/bin/../lib/gcc/arm-none-eabi/8.2.1/../../../../arm-none-eabi/lib/thumb/v6-m/nofp/libcr_c.a(_cr_sbrk.o)
 .ARM.attributes
                0x0000000000000609       0x2c /Applications/MCUXpressoIDE_11.0.1_2563/ide/plugins/com.nxp.mcuxpresso.tools.macosx_11.0.1.201907311258/tools/bin/../lib/gcc/arm-none-eabi/8.2.1/../../../../arm-none-eabi/lib/thumb/v6-m/nofp/libcr_c.a(_cr_check_heap.o)
 .ARM.attributes
                0x0000000000000635       0x1c /Applications/MCUXpressoIDE_11.0.1_2563/ide/plugins/com.nxp.mcuxpresso.tools.macosx_11.0.1.201907311258/tools/bin/../lib/gcc/arm-none-eabi/8.2.1/thumb/v6-m/nofp/libcr_eabihelpers.a(division_32.o)
 .ARM.attributes
                0x0000000000000651       0x1c /Applications/MCUXpressoIDE_11.0.1_2563/ide/plugins/com.nxp.mcuxpresso.tools.macosx_11.0.1.201907311258/tools/bin/../lib/gcc/arm-none-eabi/8.2.1/thumb/v6-m/nofp/libcr_eabihelpers.a(division_64.o)
 .ARM.attributes
                0x000000000000066d       0x1c /Applications/MCUXpressoIDE_11.0.1_2563/ide/plugins/com.nxp.mcuxpresso.tools.macosx_11.0.1.201907311258/tools/bin/../lib/gcc/arm-none-eabi/8.2.1/thumb/v6-m/nofp/libcr_eabihelpers.a(division_idiv0.o)
 .ARM.attributes
                0x0000000000000689       0x2c /Applications/MCUXpressoIDE_11.0.1_2563/ide/plugins/com.nxp.mcuxpresso.tools.macosx_11.0.1.201907311258/tools/bin/../lib/gcc/arm-none-eabi/8.2.1/thumb/v6-m/nofp/libcr_eabihelpers.a(double.o)
 .ARM.attributes
                0x00000000000006b5       0x1c /Applications/MCUXpressoIDE_11.0.1_2563/ide/plugins/com.nxp.mcuxpresso.tools.macosx_11.0.1.201907311258/tools/bin/../lib/gcc/arm-none-eabi/8.2.1/thumb/v6-m/nofp/libcr_eabihelpers.a(llong.o)
 .ARM.attributes
                0x00000000000006d1       0x1c /Applications/MCUXpressoIDE_11.0.1_2563/ide/plugins/com.nxp.mcuxpresso.tools.macosx_11.0.1.201907311258/tools/bin/../lib/gcc/arm-none-eabi/8.2.1/thumb/v6-m/nofp/libcr_eabihelpers.a(memcpy.o)
 .ARM.attributes
                0x00000000000006ed       0x31 /Applications/MCUXpressoIDE_11.0.1_2563/ide/plugins/com.nxp.mcuxpresso.tools.macosx_11.0.1.201907311258/tools/bin/../lib/gcc/arm-none-eabi/8.2.1/../../../../arm-none-eabi/lib/thumb/v6-m/nofp/libcr_semihost_nf.a(__ciob.o)
 .ARM.attributes
                0x000000000000071e       0x1c /Applications/MCUXpressoIDE_11.0.1_2563/ide/plugins/com.nxp.mcuxpresso.tools.macosx_11.0.1.201907311258/tools/bin/../lib/gcc/arm-none-eabi/8.2.1/../../../../arm-none-eabi/lib/thumb/v6-m/nofp/libcr_semihost_nf.a(__sys_appexit.o)
 .ARM.attributes
                0x000000000000073a       0x1c /Applications/MCUXpressoIDE_11.0.1_2563/ide/plugins/com.nxp.mcuxpresso.tools.macosx_11.0.1.201907311258/tools/bin/../lib/gcc/arm-none-eabi/8.2.1/../../../../arm-none-eabi/lib/thumb/v6-m/nofp/libcr_semihost_nf.a(__sys_flen.o)
 .ARM.attributes
                0x0000000000000756       0x1c /Applications/MCUXpressoIDE_11.0.1_2563/ide/plugins/com.nxp.mcuxpresso.tools.macosx_11.0.1.201907311258/tools/bin/../lib/gcc/arm-none-eabi/8.2.1/../../../../arm-none-eabi/lib/thumb/v6-m/nofp/libcr_semihost_nf.a(__sys_istty.o)
 .ARM.attributes
                0x0000000000000772       0x1c /Applications/MCUXpressoIDE_11.0.1_2563/ide/plugins/com.nxp.mcuxpresso.tools.macosx_11.0.1.201907311258/tools/bin/../lib/gcc/arm-none-eabi/8.2.1/../../../../arm-none-eabi/lib/thumb/v6-m/nofp/libcr_semihost_nf.a(__sys_seek.o)
 .ARM.attributes
                0x000000000000078e       0x1c /Applications/MCUXpressoIDE_11.0.1_2563/ide/plugins/com.nxp.mcuxpresso.tools.macosx_11.0.1.201907311258/tools/bin/../lib/gcc/arm-none-eabi/8.2.1/../../../../arm-none-eabi/lib/thumb/v6-m/nofp/libcr_semihost_nf.a(__sys_write.o)

.debug_frame    0x0000000000000000     0x20b0
 .debug_frame   0x0000000000000000       0xe4 ./debug_frdm/main.o
 .debug_frame   0x00000000000000e4      0x498 ./debug_frdm/CMSIS/startup_MKL25Z4.o
 .debug_frame   0x000000000000057c       0x4c ./debug_frdm/CMSIS/system_MKL25Z4.o
 .debug_frame   0x00000000000005c8       0x70 ./debug_frdm/setLed_frdm.o
 .debug_frame   0x0000000000000638      0x150 ./debug_frdm/Touch_Sensor.o
 .debug_frame   0x0000000000000788       0x50 ./debug_frdm/board/board.o
 .debug_frame   0x00000000000007d8      0x140 ./debug_frdm/board/clock_config.o
 .debug_frame   0x0000000000000918       0x2c ./debug_frdm/board/peripherals.o
 .debug_frame   0x0000000000000944       0x88 ./debug_frdm/board/pin_mux.o
 .debug_frame   0x00000000000009cc      0x6e4 ./debug_frdm/drivers/fsl_clock.o
 .debug_frame   0x00000000000010b0       0x90 ./debug_frdm/drivers/fsl_common.o
 .debug_frame   0x0000000000001140      0x418 ./debug_frdm/drivers/fsl_lpsci.o
 .debug_frame   0x0000000000001558       0xd0 ./debug_frdm/drivers/fsl_lptmr.o
 .debug_frame   0x0000000000001628      0x334 ./debug_frdm/drivers/fsl_tsi_v4.o
 .debug_frame   0x000000000000195c      0x468 ./debug_frdm/drivers/fsl_uart.o
 .debug_frame   0x0000000000001dc4      0x230 ./debug_frdm/utilities/fsl_debug_console.o
 .debug_frame   0x0000000000001ff4       0x30 ./debug_frdm/printTimeStamp.o
 .debug_frame   0x0000000000002024       0x8c ./debug_frdm/rtcInit.o
